// Jest Snapshot v1, https://goo.gl/fbAQLP

exports[`Input should be work with content 1`] = `"<div><div class=\\"jsx-3041074307 with-label\\"><div class=\\"jsx-3041074307 input-container shadow\\"><label class=\\"jsx-3041074307 input-wrapper\\"><span class=\\"jsx-201523000 input-content\\"><span>test-icon</span></span><input type=\\"text\\" placeholder=\\"\\" autocomplete=\\"off\\" aria-readonly=\\"false\\" aria-required=\\"false\\" id=\\"next-ui-52absr1q\\" class=\\"jsx-3041074307 left-content\\" value=\\"\\"></label></div><div class=\\"jsx-3041074307 input-helper-text-container\\"></div></div><div class=\\"jsx-3041074307 with-label\\"><div class=\\"jsx-3041074307 input-container shadow\\"><label class=\\"jsx-3041074307 input-wrapper\\"><input type=\\"text\\" placeholder=\\"\\" autocomplete=\\"off\\" aria-readonly=\\"false\\" aria-required=\\"false\\" id=\\"next-ui-vl45hbae\\" class=\\"jsx-3041074307 right-content\\" value=\\"\\"><span class=\\"jsx-201523000 input-content\\"><span>test-icon</span></span></label></div><div class=\\"jsx-3041074307 input-helper-text-container\\"></div></div></div>"`;

exports[`Input should be work with label 1`] = `"<div><div class=\\"jsx-3041074307 with-label\\"><label for=\\"next-ui-hudga9es\\" class=\\"jsx-3253041107 input-label-block\\">label</label><div class=\\"jsx-3041074307 input-container shadow\\"><div class=\\"jsx-3041074307 input-wrapper\\"><input type=\\"text\\" placeholder=\\"\\" autocomplete=\\"off\\" aria-readonly=\\"false\\" aria-required=\\"false\\" id=\\"next-ui-hudga9es\\" class=\\"jsx-3041074307 \\" value=\\"\\"></div></div><div class=\\"jsx-3041074307 input-helper-text-container\\"></div></div><div class=\\"jsx-3041074307 with-label\\"><div class=\\"jsx-3041074307 input-container shadow\\"><label class=\\"jsx-3041074307 input-wrapper\\"><input type=\\"text\\" placeholder=\\"\\" autocomplete=\\"off\\" aria-readonly=\\"false\\" aria-required=\\"false\\" id=\\"next-ui-jnp4j9qq\\" class=\\"jsx-3041074307 \\" value=\\"\\"><span class=\\"jsx-2318599177 input-label right\\">label</span></label></div><div class=\\"jsx-3041074307 input-helper-text-container\\"></div></div><div class=\\"jsx-3041074307 with-label\\"><div class=\\"jsx-3041074307 input-container shadow\\"><label class=\\"jsx-3041074307 input-wrapper\\"><input type=\\"text\\" placeholder=\\"\\" autocomplete=\\"off\\" aria-readonly=\\"false\\" aria-required=\\"false\\" id=\\"next-ui-gdtva8h5\\" class=\\"jsx-3041074307 \\" value=\\"\\"></label></div><div class=\\"jsx-3041074307 input-helper-text-container\\"></div></div></div>"`;

exports[`Input should work with different sizes 1`] = `"<div><div class=\\"jsx-675254747 with-label\\"><div class=\\"jsx-675254747 input-container shadow\\"><label class=\\"jsx-675254747 input-wrapper\\"><input type=\\"text\\" placeholder=\\"\\" autocomplete=\\"off\\" aria-readonly=\\"false\\" aria-required=\\"false\\" id=\\"next-ui-kddcedqp\\" class=\\"jsx-675254747 \\" value=\\"\\"></label></div><div class=\\"jsx-675254747 input-helper-text-container\\"></div></div><div class=\\"jsx-2350132283 with-label\\"><div class=\\"jsx-2350132283 input-container shadow\\"><label class=\\"jsx-2350132283 input-wrapper\\"><input type=\\"text\\" placeholder=\\"\\" autocomplete=\\"off\\" aria-readonly=\\"false\\" aria-required=\\"false\\" id=\\"next-ui-e3tftt81\\" class=\\"jsx-2350132283 \\" value=\\"\\"></label></div><div class=\\"jsx-2350132283 input-helper-text-container\\"></div></div><div class=\\"jsx-4036192454 with-label\\"><div class=\\"jsx-4036192454 input-container shadow\\"><label class=\\"jsx-4036192454 input-wrapper\\"><input type=\\"text\\" placeholder=\\"\\" autocomplete=\\"off\\" aria-readonly=\\"false\\" aria-required=\\"false\\" id=\\"next-ui-6vj53i4c\\" class=\\"jsx-4036192454 \\" value=\\"\\"></label></div><div class=\\"jsx-4036192454 input-helper-text-container\\"></div></div><div class=\\"jsx-3857977103 with-label\\"><div class=\\"jsx-3857977103 input-container shadow\\"><label class=\\"jsx-3857977103 input-wrapper\\"><input type=\\"text\\" placeholder=\\"\\" autocomplete=\\"off\\" aria-readonly=\\"false\\" aria-required=\\"false\\" id=\\"next-ui-36655f91\\" class=\\"jsx-3857977103 \\" value=\\"\\"></label></div><div class=\\"jsx-3857977103 input-helper-text-container\\"></div></div><div class=\\"jsx-1462377981 with-label\\"><div class=\\"jsx-1462377981 input-container shadow\\"><label class=\\"jsx-1462377981 input-wrapper\\"><input type=\\"text\\" placeholder=\\"\\" autocomplete=\\"off\\" aria-readonly=\\"false\\" aria-required=\\"false\\" id=\\"next-ui-3ihp0pcj\\" class=\\"jsx-1462377981 \\" value=\\"\\"></label></div><div class=\\"jsx-1462377981 input-helper-text-container\\"></div></div></div>"`;

exports[`Input should work with different status 1`] = `"<div><div class=\\"jsx-3978972209 with-label\\"><div class=\\"jsx-3978972209 input-container shadow\\"><label class=\\"jsx-3978972209 input-wrapper\\"><input type=\\"text\\" placeholder=\\"\\" autocomplete=\\"off\\" aria-readonly=\\"false\\" aria-required=\\"false\\" id=\\"next-ui-70jnkugh\\" class=\\"jsx-3978972209 \\" value=\\"\\"></label></div><div class=\\"jsx-3978972209 input-helper-text-container\\"></div></div><div class=\\"jsx-4251691953 with-label\\"><div class=\\"jsx-4251691953 input-container shadow\\"><label class=\\"jsx-4251691953 input-wrapper\\"><input type=\\"text\\" placeholder=\\"\\" autocomplete=\\"off\\" aria-readonly=\\"false\\" aria-required=\\"false\\" id=\\"next-ui-riojrs3b\\" class=\\"jsx-4251691953 \\" value=\\"\\"></label></div><div class=\\"jsx-4251691953 input-helper-text-container\\"></div></div><div class=\\"jsx-1160036785 with-label\\"><div class=\\"jsx-1160036785 input-container shadow\\"><label class=\\"jsx-1160036785 input-wrapper\\"><input type=\\"text\\" placeholder=\\"\\" autocomplete=\\"off\\" aria-readonly=\\"false\\" aria-required=\\"false\\" id=\\"next-ui-o7250il4\\" class=\\"jsx-1160036785 \\" value=\\"\\"></label></div><div class=\\"jsx-1160036785 input-helper-text-container\\"></div></div></div>"`;
