// Jest Snapshot v1, https://goo.gl/fbAQLP

exports[`InputPassword should render correctly 1`] = `"<div class=\\"jsx-3041074307 with-label\\"><div class=\\"jsx-3041074307 input-container shadow\\"><label class=\\"jsx-3041074307 input-wrapper\\"><input type=\\"password\\" placeholder=\\"\\" autocomplete=\\"off\\" aria-readonly=\\"false\\" aria-required=\\"false\\" id=\\"next-ui-hmcefa99\\" class=\\"jsx-3041074307 right-content\\" value=\\"\\"><span class=\\"jsx-723322797 input-content\\"><svg viewBox=\\"0 0 24 24\\" width=\\"16\\" height=\\"16\\" stroke=\\"currentColor\\" stroke-width=\\"1.5\\" stroke-linecap=\\"round\\" stroke-linejoin=\\"round\\" fill=\\"none\\" shape-rendering=\\"geometricPrecision\\" style=\\"color: currentColor;\\"><path d=\\"M1 12s4-8 11-8 11 8 11 8-4 8-11 8-11-8-11-8z\\"></path><circle cx=\\"12\\" cy=\\"12\\" r=\\"3\\"></circle></svg></span></label></div><div class=\\"jsx-3041074307 input-helper-text-container\\"></div></div>"`;
