// Jest Snapshot v1, https://goo.gl/fbAQLP

exports[`Link should render correctly 1`] = `"<div><a href=\\"https://nextui.org\\" class=\\"nextui-c-gUrcXm nextui-c-gUrcXm-eAdznm-color-default nextui-c-gUrcXm-iFdQKc-animated-true\\">link</a><a href=\\"https://nextui.org\\" class=\\"nextui-c-gUrcXm nextui-c-gUrcXm-krgohU-color-secondary nextui-c-gUrcXm-iFdQKc-animated-true\\">link</a><a href=\\"https://nextui.org\\" class=\\"nextui-c-gUrcXm nextui-c-gUrcXm-byQUqd-color-success nextui-c-gUrcXm-iFdQKc-animated-true\\">link<svg class=\\"nextui-c-hdKjck nextui-link-icon\\" fill=\\"none\\" height=\\"1em\\" shape-rendering=\\"geometricPrecision\\" stroke=\\"currentColor\\" stroke-linecap=\\"round\\" stroke-linejoin=\\"round\\" stroke-width=\\"1.5\\" viewBox=\\"0 0 24 24\\" width=\\"1em\\"><path d=\\"M18 13v6a2 2 0 01-2 2H5a2 2 0 01-2-2V8a2 2 0 012-2h6\\"></path><path d=\\"M15 3h6v6\\"></path><path d=\\"M10 14L21 3\\"></path></svg></a><a href=\\"https://nextui.org\\" class=\\"nextui-c-gUrcXm nextui-c-gUrcXm-eAdznm-color-default nextui-c-gUrcXm-cSuHME-underline-true nextui-c-gUrcXm-iFdQKc-animated-true\\">link</a><a href=\\"https://nextui.org\\" class=\\"nextui-c-gUrcXm nextui-c-gUrcXm-eAdznm-color-default nextui-c-gUrcXm-eIcaMf-block-true nextui-c-gUrcXm-iFdQKc-animated-true nextui-c-gUrcXm-bhXeQK-cv\\">link</a></div>"`;
