// Jest Snapshot v1, https://goo.gl/fbAQLP

exports[`Row should render correctly 1`] = `"<div class=\\"jsx-402419644 row \\">row</div>"`;

exports[`Row should work with nested 1`] = `"<div class=\\"jsx-402419644 row \\"><div class=\\"jsx-402419644 row \\"><div class=\\"jsx-402419644 row \\"><div class=\\"jsx-180329529 col \\"><div class=\\"jsx-402419644 row \\">row</div></div></div></div></div>"`;

exports[`Row the children should be aligned correctly 1`] = `"<div><div class=\\"jsx-3508837018 row \\"><div class=\\"jsx-180329529 col \\"></div></div><div class=\\"jsx-17754180 row \\"><div class=\\"jsx-180329529 col \\"></div></div><div class=\\"jsx-1110113989 row \\"><div class=\\"jsx-180329529 col \\"></div></div><div class=\\"jsx-1219427756 row \\"><div class=\\"jsx-180329529 col \\"></div></div><div class=\\"jsx-402419644 row \\"><div class=\\"jsx-180329529 col \\"></div></div><div class=\\"jsx-3052078788 row \\"><div class=\\"jsx-180329529 col \\"></div></div><div class=\\"jsx-3198295514 row \\"><div class=\\"jsx-180329529 col \\"></div></div></div>"`;

exports[`Row the children should have the correct spacing 1`] = `"<div><div class=\\"jsx-2506416253 row \\"><div class=\\"jsx-180329529 col \\"></div></div><div class=\\"jsx-1945380414 row \\"><div class=\\"jsx-180329529 col \\"></div></div><div class=\\"jsx-2703912781 row \\"><div class=\\"jsx-180329529 col \\"></div></div></div>"`;
