// Jest Snapshot v1, https://goo.gl/fbAQLP

exports[`Pagination should render correctly 1`] = `"<nav class=\\"nextui-c-eKVPvf nextui-c-eKVPvf-jhIisp-color-default nextui-c-eKVPvf-dNflHU-size-md nextui-c-eKVPvf-iTJsWG-borderWeight-normal nextui-c-eKVPvf-flFLUl-onlyDots-false nextui-c-eKVPvf-bNGYLg-rounded-false nextui-c-eKVPvf-QbeIJ-noMargin-false nextui-pagination\\"><button class=\\"nextui-c-kVKzND nextui-c-huiNHE nextui-c-kVKzND-ccwhjb-disabled-true nextui-c-kVKzND-SWDEj-animated-true nextui-pagination-item nextui-pagination-item-animated nextui-pagination-item-disabled nextui-pagination-item-preserve-content\\" aria-label=\\"previous page button\\" tabindex=\\"-1\\"><span class=\\"nextui-c-fItrmj nextui-pagination-item-content\\"><svg role=\\"presentation\\" focusable=\\"false\\" viewBox=\\"0 0 24 24\\" fill=\\"none\\" xmlns=\\"http://www.w3.org/2000/svg\\" class=\\"nextui-c-eKuzCY nextui-c-eKuzCY-xROYZ-isPrev-true nextui-pagination-icon\\"><path d=\\"M15.5 19l-7-7 7-7\\" stroke=\\"currentColor\\" stroke-width=\\"1.5\\" stroke-linecap=\\"round\\" stroke-linejoin=\\"round\\"></path></svg></span></button><div aria-hidden=\\"true\\" class=\\"nextui-c-nTJos nextui-c-nTJos-befVxL-animated-true nextui-c-nTJos-igbOOjv-css nextui-pagination-highlight nextui-pagination-highlight--active\\"></div><button class=\\"nextui-c-kVKzND nextui-c-huiNHE nextui-c-kVKzND-dZWCtT-active-true nextui-c-kVKzND-SWDEj-animated-true nextui-pagination-item nextui-pagination-item-active nextui-pagination-item-animated\\" aria-label=\\"1 item active\\" tabindex=\\"0\\"><span class=\\"nextui-c-fItrmj nextui-pagination-item-content\\">1</span></button><button class=\\"nextui-c-kVKzND nextui-c-huiNHE nextui-c-kVKzND-ccwhjb-disabled-true nextui-c-kVKzND-SWDEj-animated-true nextui-pagination-item nextui-pagination-item-animated nextui-pagination-item-disabled nextui-pagination-item-preserve-content\\" aria-label=\\"next page button\\" tabindex=\\"-1\\"><span class=\\"nextui-c-fItrmj nextui-pagination-item-content\\"><svg role=\\"presentation\\" focusable=\\"false\\" viewBox=\\"0 0 24 24\\" fill=\\"none\\" xmlns=\\"http://www.w3.org/2000/svg\\" class=\\"nextui-c-eKuzCY nextui-pagination-icon\\"><path d=\\"M15.5 19l-7-7 7-7\\" stroke=\\"currentColor\\" stroke-width=\\"1.5\\" stroke-linecap=\\"round\\" stroke-linejoin=\\"round\\"></path></svg></span></button></nav>"`;
