// Jest Snapshot v1, https://goo.gl/fbAQLP

exports[`Textarea should render correctly 1`] = `"<div data-state=\\"normal\\" class=\\"nextui-c-iwmZdB nextui-c-iwmZdB-jTfqsF-helperColor-default nextui-c-iwmZdB-dpkacN-borderWeight-normal nextui-c-iwmZdB-gOvjVW-size-md nextui-c-iwmZdB-iiIdOsz-css nextui-input-main-container nextui-input-main-container--normal\\"><div class=\\"nextui-c-ghxhhI nextui-c-ghxhhI-iNKybL-animated-true nextui-input-container nextui-input-container--normal nextui-input-container--textarea\\"><label class=\\"nextui-c-eXOOPO nextui-c-eXOOPO-iNKybL-shadow-true nextui-c-eXOOPO-ccrOPm-underlined-false nextui-c-eXOOPO-iLMmYc-isTextarea-true nextui-c-eXOOPO-dpaosk-cv nextui-input-wrapper nextui-input-wrapper--normal nextui-input-wrapper--shadow\\"><span class=\\"nextui-c-PJLV nextui-c-iFHsrU nextui-input-placeholder\\">placeholder</span><textarea type=\\"text\\" class=\\"nextui-c-jeuecp nextui-c-jeuecp-dYLnuG-isTextarea-true nextui-input-textarea\\" placeholder=\\"placeholder\\" autocomplete=\\"off\\" data-state=\\"normal\\" aria-placeholder=\\"placeholder\\" aria-readonly=\\"false\\" aria-required=\\"false\\" aria-multiline=\\"true\\" id=\\"react-aria7735812034-1\\"></textarea></label></div><div class=\\"nextui-c-gJvMas nextui-input-helper-text-container\\"></div></div>"`;

exports[`Textarea should work with different styles 1`] = `"<div><div data-state=\\"normal\\" class=\\"nextui-c-iwmZdB nextui-c-iwmZdB-kWLfoB-color-secondary nextui-c-iwmZdB-jTfqsF-helperColor-default nextui-c-iwmZdB-dpkacN-borderWeight-normal nextui-c-iwmZdB-gOvjVW-size-md nextui-c-iwmZdB-iiIdOsz-css nextui-input-main-container nextui-input-main-container--normal\\"><div class=\\"nextui-c-ghxhhI nextui-c-ghxhhI-iNKybL-animated-true nextui-input-container nextui-input-container--normal nextui-input-container--textarea\\"><label class=\\"nextui-c-eXOOPO nextui-c-eXOOPO-iNKybL-shadow-true nextui-c-eXOOPO-ccrOPm-underlined-false nextui-c-eXOOPO-iLMmYc-isTextarea-true nextui-c-eXOOPO-dpaosk-cv nextui-input-wrapper nextui-input-wrapper--normal nextui-input-wrapper--shadow\\"><textarea type=\\"text\\" class=\\"nextui-c-jeuecp nextui-c-jeuecp-dYLnuG-isTextarea-true nextui-input-textarea\\" placeholder=\\"\\" autocomplete=\\"off\\" data-state=\\"normal\\" aria-placeholder=\\"\\" aria-readonly=\\"false\\" aria-required=\\"false\\" aria-multiline=\\"true\\" id=\\"react-aria7735812034-3\\"></textarea></label></div><div class=\\"nextui-c-gJvMas nextui-input-helper-text-container\\"></div></div><div data-state=\\"normal\\" class=\\"nextui-c-iwmZdB nextui-c-iwmZdB-jTfqsF-helperColor-default nextui-c-iwmZdB-dpkacN-borderWeight-normal nextui-c-iwmZdB-gOvjVW-size-md nextui-c-iwmZdB-ikPZLca-css nextui-input-main-container nextui-input-main-container--normal\\"><div class=\\"nextui-c-ghxhhI nextui-c-ghxhhI-iNKybL-animated-true nextui-input-container nextui-input-container--normal nextui-input-container--textarea\\"><label class=\\"nextui-c-eXOOPO nextui-c-eXOOPO-iNKybL-shadow-true nextui-c-eXOOPO-ccrOPm-underlined-false nextui-c-eXOOPO-iLMmYc-isTextarea-true nextui-c-eXOOPO-dpaosk-cv nextui-input-wrapper nextui-input-wrapper--normal nextui-input-wrapper--shadow\\"><textarea type=\\"text\\" class=\\"nextui-c-jeuecp nextui-c-jeuecp-dYLnuG-isTextarea-true nextui-input-textarea\\" placeholder=\\"\\" autocomplete=\\"off\\" data-state=\\"normal\\" aria-placeholder=\\"\\" aria-readonly=\\"false\\" aria-required=\\"false\\" aria-multiline=\\"true\\" id=\\"react-aria7735812034-5\\"></textarea></label></div><div class=\\"nextui-c-gJvMas nextui-input-helper-text-container\\"></div></div></div>"`;
