// Jest Snapshot v1, https://goo.gl/fbAQLP

exports[`Spacer should render correctly 1`] = `"<span aria-hidden=\\"true\\" class=\\"nextui-c-gNVTSf nextui-c-gNVTSf-hakyQ-inline-false nextui-c-gNVTSf-iepBydd-css\\"></span>"`;

exports[`Spacer should support x and y 1`] = `"<div><span aria-hidden=\\"true\\" class=\\"nextui-c-gNVTSf nextui-c-gNVTSf-hakyQ-inline-false nextui-c-gNVTSf-ifIdFTQ-css\\"></span><span aria-hidden=\\"true\\" class=\\"nextui-c-gNVTSf nextui-c-gNVTSf-hakyQ-inline-false nextui-c-gNVTSf-ifXegBx-css\\"></span><span aria-hidden=\\"true\\" class=\\"nextui-c-gNVTSf nextui-c-gNVTSf-hakyQ-inline-false nextui-c-gNVTSf-ibAUevV-css\\"></span><span aria-hidden=\\"true\\" class=\\"nextui-c-gNVTSf nextui-c-gNVTSf-hakyQ-inline-false nextui-c-gNVTSf-ieQSXqB-css\\"></span></div>"`;

exports[`Spacer should work with float 1`] = `"<div><span aria-hidden=\\"true\\" class=\\"nextui-c-gNVTSf nextui-c-gNVTSf-hakyQ-inline-false nextui-c-gNVTSf-igfVCYF-css\\"></span><span aria-hidden=\\"true\\" class=\\"nextui-c-gNVTSf nextui-c-gNVTSf-hakyQ-inline-false nextui-c-gNVTSf-icYueeT-css\\"></span><span aria-hidden=\\"true\\" class=\\"nextui-c-gNVTSf nextui-c-gNVTSf-hakyQ-inline-false nextui-c-gNVTSf-idvkBRi-css\\"></span><span aria-hidden=\\"true\\" class=\\"nextui-c-gNVTSf nextui-c-gNVTSf-hakyQ-inline-false nextui-c-gNVTSf-ielMnTA-css\\"></span></div>"`;

exports[`Spacer should work with inline mode 1`] = `"<span aria-hidden=\\"true\\" class=\\"nextui-c-gNVTSf nextui-c-gNVTSf-hakyQ-inline-false nextui-c-gNVTSf-iepBydd-css\\"></span>"`;
