// Jest Snapshot v1, https://goo.gl/fbAQLP

exports[`Input should be work with content 1`] = `"<div><div data-state=\\"normal\\" class=\\"nextui-c-ioOuFC nextui-c-ioOuFC-jTfqsF-helperColor-default nextui-c-ioOuFC-dpkacN-borderWeight-normal nextui-c-ioOuFC-kllHxD-size-md nextui-c-ioOuFC-iiIdOsz-css nextui-input-main-container nextui-input-main-container--normal\\"><div class=\\"nextui-c-ghxhhI nextui-c-ghxhhI-fjttfO-isTextarea-false nextui-c-ghxhhI-iNKybL-animated-true nextui-input-container nextui-input-container--normal nextui-input-container--input\\"><label class=\\"nextui-c-eXOOPO nextui-c-eXOOPO-iNKybL-shadow-true nextui-c-eXOOPO-ccrOPm-underlined-false nextui-c-eXOOPO-lkBNdM-isTextarea-false nextui-input-wrapper nextui-input-wrapper--normal nextui-input-wrapper--shadow\\"><span class=\\"nextui-c-PJLV nextui-c-PJLV-dBGXHd-applyStyles-true nextui-input-content nextui-input-content--left\\"><span>test-icon</span></span><input type=\\"text\\" id=\\"nextui-input-n146bq70\\" class=\\"nextui-c-jeuecp nextui-c-jeuecp-bVyrVm-hasLeftContent-true nextui-input nextui-input-left-content\\" placeholder=\\"\\" autocomplete=\\"off\\" data-state=\\"normal\\" aria-placeholder=\\"\\" aria-readonly=\\"false\\" aria-required=\\"false\\" aria-multiline=\\"false\\" value=\\"\\"></label></div><div class=\\"nextui-c-gJvMas nextui-input-helper-text-container\\"></div></div><div data-state=\\"normal\\" class=\\"nextui-c-ioOuFC nextui-c-ioOuFC-jTfqsF-helperColor-default nextui-c-ioOuFC-dpkacN-borderWeight-normal nextui-c-ioOuFC-kllHxD-size-md nextui-c-ioOuFC-iiIdOsz-css nextui-input-main-container nextui-input-main-container--normal\\"><div class=\\"nextui-c-ghxhhI nextui-c-ghxhhI-fjttfO-isTextarea-false nextui-c-ghxhhI-iNKybL-animated-true nextui-input-container nextui-input-container--normal nextui-input-container--input\\"><label class=\\"nextui-c-eXOOPO nextui-c-eXOOPO-iNKybL-shadow-true nextui-c-eXOOPO-ccrOPm-underlined-false nextui-c-eXOOPO-lkBNdM-isTextarea-false nextui-input-wrapper nextui-input-wrapper--normal nextui-input-wrapper--shadow\\"><input type=\\"text\\" id=\\"nextui-input-n6gqdcsp\\" class=\\"nextui-c-jeuecp nextui-c-jeuecp-bVsTEo-hasRightContent-true nextui-input nextui-input-nextui-input-right-content\\" placeholder=\\"\\" autocomplete=\\"off\\" data-state=\\"normal\\" aria-placeholder=\\"\\" aria-readonly=\\"false\\" aria-required=\\"false\\" aria-multiline=\\"false\\" value=\\"\\"><span class=\\"nextui-c-PJLV nextui-c-PJLV-dBGXHd-applyStyles-true nextui-input-content nextui-input-content--right\\"><span>test-icon</span></span></label></div><div class=\\"nextui-c-gJvMas nextui-input-helper-text-container\\"></div></div></div>"`;

exports[`Input should be work with label 1`] = `"<div><div data-state=\\"normal\\" class=\\"nextui-c-ioOuFC nextui-c-ioOuFC-jTfqsF-helperColor-default nextui-c-ioOuFC-dpkacN-borderWeight-normal nextui-c-ioOuFC-kllHxD-size-md nextui-c-ioOuFC-iiIdOsz-css nextui-input-main-container nextui-input-main-container--normal\\"><label id=\\"nextui-input-label-21j9d8jj\\" class=\\"nextui-c-hzQjrs nextui-input-block-label\\" for=\\"nextui-input-21j9d8jj\\">label</label><div class=\\"nextui-c-ghxhhI nextui-c-ghxhhI-fjttfO-isTextarea-false nextui-c-ghxhhI-iNKybL-animated-true nextui-input-container nextui-input-container--normal nextui-input-container--input\\"><div class=\\"nextui-c-eXOOPO nextui-c-eXOOPO-iNKybL-shadow-true nextui-c-eXOOPO-ccrOPm-underlined-false nextui-c-eXOOPO-lkBNdM-isTextarea-false nextui-input-wrapper nextui-input-wrapper--normal nextui-input-wrapper--shadow\\"><input type=\\"text\\" id=\\"nextui-input-21j9d8jj\\" class=\\"nextui-c-jeuecp nextui-input\\" placeholder=\\"\\" autocomplete=\\"off\\" data-state=\\"normal\\" aria-placeholder=\\"\\" aria-readonly=\\"false\\" aria-required=\\"false\\" aria-multiline=\\"false\\" aria-labelledby=\\"nextui-input-label-21j9d8jj\\" value=\\"\\"></div></div><div class=\\"nextui-c-gJvMas nextui-input-helper-text-container\\"></div></div><div data-state=\\"normal\\" class=\\"nextui-c-ioOuFC nextui-c-ioOuFC-jTfqsF-helperColor-default nextui-c-ioOuFC-dpkacN-borderWeight-normal nextui-c-ioOuFC-kllHxD-size-md nextui-c-ioOuFC-iiIdOsz-css nextui-input-main-container nextui-input-main-container--normal\\"><div class=\\"nextui-c-ghxhhI nextui-c-ghxhhI-fjttfO-isTextarea-false nextui-c-ghxhhI-iNKybL-animated-true nextui-input-container nextui-input-container--normal nextui-input-container--input\\"><label class=\\"nextui-c-eXOOPO nextui-c-eXOOPO-iNKybL-shadow-true nextui-c-eXOOPO-ccrOPm-underlined-false nextui-c-eXOOPO-lkBNdM-isTextarea-false nextui-input-wrapper nextui-input-wrapper--normal nextui-input-wrapper--shadow\\"><input type=\\"text\\" id=\\"nextui-input-2geloqhe\\" class=\\"nextui-c-jeuecp nextui-input\\" placeholder=\\"\\" autocomplete=\\"off\\" data-state=\\"normal\\" aria-placeholder=\\"\\" aria-readonly=\\"false\\" aria-required=\\"false\\" aria-multiline=\\"false\\" value=\\"\\"><span class=\\"nextui-c-gieWTI nextui-c-gieWTI-bPbUHf-isRight-true nextui-c-gieWTI-bzgJTZ-cv nextui-input-label--right\\">label</span></label></div><div class=\\"nextui-c-gJvMas nextui-input-helper-text-container\\"></div></div><div data-state=\\"normal\\" class=\\"nextui-c-ioOuFC nextui-c-ioOuFC-jTfqsF-helperColor-default nextui-c-ioOuFC-dpkacN-borderWeight-normal nextui-c-ioOuFC-kllHxD-size-md nextui-c-ioOuFC-iiIdOsz-css nextui-input-main-container nextui-input-main-container--normal\\"><div class=\\"nextui-c-ghxhhI nextui-c-ghxhhI-fjttfO-isTextarea-false nextui-c-ghxhhI-iNKybL-animated-true nextui-input-container nextui-input-container--normal nextui-input-container--input\\"><label class=\\"nextui-c-eXOOPO nextui-c-eXOOPO-iNKybL-shadow-true nextui-c-eXOOPO-ccrOPm-underlined-false nextui-c-eXOOPO-lkBNdM-isTextarea-false nextui-input-wrapper nextui-input-wrapper--normal nextui-input-wrapper--shadow\\"><span class=\\"nextui-c-gieWTI nextui-c-gieWTI-ceZkzL-isRight-false nextui-c-gieWTI-bzgJTZ-cv nextui-input-label--left\\">label</span><input type=\\"text\\" id=\\"nextui-input-b0inle5t\\" class=\\"nextui-c-jeuecp nextui-input\\" placeholder=\\"\\" autocomplete=\\"off\\" data-state=\\"normal\\" aria-placeholder=\\"\\" aria-readonly=\\"false\\" aria-required=\\"false\\" aria-multiline=\\"false\\" value=\\"\\"></label></div><div class=\\"nextui-c-gJvMas nextui-input-helper-text-container\\"></div></div></div>"`;

exports[`Input should work with different sizes 1`] = `"<div><div data-state=\\"normal\\" class=\\"nextui-c-ioOuFC nextui-c-ioOuFC-jTfqsF-helperColor-default nextui-c-ioOuFC-dpkacN-borderWeight-normal nextui-c-ioOuFC-fyFnvU-size-xs nextui-c-ioOuFC-iiIdOsz-css nextui-input-main-container nextui-input-main-container--normal\\"><div class=\\"nextui-c-ghxhhI nextui-c-ghxhhI-fjttfO-isTextarea-false nextui-c-ghxhhI-iNKybL-animated-true nextui-input-container nextui-input-container--normal nextui-input-container--input\\"><label class=\\"nextui-c-eXOOPO nextui-c-eXOOPO-iNKybL-shadow-true nextui-c-eXOOPO-ccrOPm-underlined-false nextui-c-eXOOPO-lkBNdM-isTextarea-false nextui-input-wrapper nextui-input-wrapper--normal nextui-input-wrapper--shadow\\"><input type=\\"text\\" id=\\"nextui-input-3q0970ou\\" class=\\"nextui-c-jeuecp nextui-input\\" placeholder=\\"\\" autocomplete=\\"off\\" data-state=\\"normal\\" aria-placeholder=\\"\\" aria-readonly=\\"false\\" aria-required=\\"false\\" aria-multiline=\\"false\\" value=\\"\\"></label></div><div class=\\"nextui-c-gJvMas nextui-input-helper-text-container\\"></div></div><div data-state=\\"normal\\" class=\\"nextui-c-ioOuFC nextui-c-ioOuFC-jTfqsF-helperColor-default nextui-c-ioOuFC-dpkacN-borderWeight-normal nextui-c-ioOuFC-jTFaJf-size-sm nextui-c-ioOuFC-iiIdOsz-css nextui-input-main-container nextui-input-main-container--normal\\"><div class=\\"nextui-c-ghxhhI nextui-c-ghxhhI-fjttfO-isTextarea-false nextui-c-ghxhhI-iNKybL-animated-true nextui-input-container nextui-input-container--normal nextui-input-container--input\\"><label class=\\"nextui-c-eXOOPO nextui-c-eXOOPO-iNKybL-shadow-true nextui-c-eXOOPO-ccrOPm-underlined-false nextui-c-eXOOPO-lkBNdM-isTextarea-false nextui-input-wrapper nextui-input-wrapper--normal nextui-input-wrapper--shadow\\"><input type=\\"text\\" id=\\"nextui-input-9m08r7vm\\" class=\\"nextui-c-jeuecp nextui-input\\" placeholder=\\"\\" autocomplete=\\"off\\" data-state=\\"normal\\" aria-placeholder=\\"\\" aria-readonly=\\"false\\" aria-required=\\"false\\" aria-multiline=\\"false\\" value=\\"\\"></label></div><div class=\\"nextui-c-gJvMas nextui-input-helper-text-container\\"></div></div><div data-state=\\"normal\\" class=\\"nextui-c-ioOuFC nextui-c-ioOuFC-jTfqsF-helperColor-default nextui-c-ioOuFC-dpkacN-borderWeight-normal nextui-c-ioOuFC-gxtPJU-size-lg nextui-c-ioOuFC-iiIdOsz-css nextui-input-main-container nextui-input-main-container--normal\\"><div class=\\"nextui-c-ghxhhI nextui-c-ghxhhI-fjttfO-isTextarea-false nextui-c-ghxhhI-iNKybL-animated-true nextui-input-container nextui-input-container--normal nextui-input-container--input\\"><label class=\\"nextui-c-eXOOPO nextui-c-eXOOPO-iNKybL-shadow-true nextui-c-eXOOPO-ccrOPm-underlined-false nextui-c-eXOOPO-lkBNdM-isTextarea-false nextui-input-wrapper nextui-input-wrapper--normal nextui-input-wrapper--shadow\\"><input type=\\"text\\" id=\\"nextui-input-hbevnctr\\" class=\\"nextui-c-jeuecp nextui-input\\" placeholder=\\"\\" autocomplete=\\"off\\" data-state=\\"normal\\" aria-placeholder=\\"\\" aria-readonly=\\"false\\" aria-required=\\"false\\" aria-multiline=\\"false\\" value=\\"\\"></label></div><div class=\\"nextui-c-gJvMas nextui-input-helper-text-container\\"></div></div><div data-state=\\"normal\\" class=\\"nextui-c-ioOuFC nextui-c-ioOuFC-jTfqsF-helperColor-default nextui-c-ioOuFC-dpkacN-borderWeight-normal nextui-c-ioOuFC-fYMPXw-size-xl nextui-c-ioOuFC-iiIdOsz-css nextui-input-main-container nextui-input-main-container--normal\\"><div class=\\"nextui-c-ghxhhI nextui-c-ghxhhI-fjttfO-isTextarea-false nextui-c-ghxhhI-iNKybL-animated-true nextui-input-container nextui-input-container--normal nextui-input-container--input\\"><label class=\\"nextui-c-eXOOPO nextui-c-eXOOPO-iNKybL-shadow-true nextui-c-eXOOPO-ccrOPm-underlined-false nextui-c-eXOOPO-lkBNdM-isTextarea-false nextui-input-wrapper nextui-input-wrapper--normal nextui-input-wrapper--shadow\\"><input type=\\"text\\" id=\\"nextui-input-upsb8oib\\" class=\\"nextui-c-jeuecp nextui-input\\" placeholder=\\"\\" autocomplete=\\"off\\" data-state=\\"normal\\" aria-placeholder=\\"\\" aria-readonly=\\"false\\" aria-required=\\"false\\" aria-multiline=\\"false\\" value=\\"\\"></label></div><div class=\\"nextui-c-gJvMas nextui-input-helper-text-container\\"></div></div><div data-state=\\"normal\\" class=\\"nextui-c-ioOuFC nextui-c-ioOuFC-jTfqsF-helperColor-default nextui-c-ioOuFC-dpkacN-borderWeight-normal nextui-c-ioOuFC-kllHxD-size-md nextui-c-ioOuFC-imosJd-css nextui-input-main-container nextui-input-main-container--normal\\"><div class=\\"nextui-c-ghxhhI nextui-c-ghxhhI-fjttfO-isTextarea-false nextui-c-ghxhhI-iNKybL-animated-true nextui-input-container nextui-input-container--normal nextui-input-container--input\\"><label class=\\"nextui-c-eXOOPO nextui-c-eXOOPO-iNKybL-shadow-true nextui-c-eXOOPO-ccrOPm-underlined-false nextui-c-eXOOPO-lkBNdM-isTextarea-false nextui-input-wrapper nextui-input-wrapper--normal nextui-input-wrapper--shadow\\"><input type=\\"text\\" id=\\"nextui-input-o0j2au86\\" class=\\"nextui-c-jeuecp nextui-input\\" placeholder=\\"\\" autocomplete=\\"off\\" data-state=\\"normal\\" aria-placeholder=\\"\\" aria-readonly=\\"false\\" aria-required=\\"false\\" aria-multiline=\\"false\\" value=\\"\\"></label></div><div class=\\"nextui-c-gJvMas nextui-input-helper-text-container\\"></div></div></div>"`;

exports[`Input should work with different status 1`] = `"<div><div data-state=\\"normal\\" class=\\"nextui-c-ioOuFC nextui-c-ioOuFC-kWLfoB-color-secondary nextui-c-ioOuFC-jTfqsF-helperColor-default nextui-c-ioOuFC-dpkacN-borderWeight-normal nextui-c-ioOuFC-kllHxD-size-md nextui-c-ioOuFC-iiIdOsz-css nextui-input-main-container nextui-input-main-container--normal\\"><div class=\\"nextui-c-ghxhhI nextui-c-ghxhhI-fjttfO-isTextarea-false nextui-c-ghxhhI-iNKybL-animated-true nextui-input-container nextui-input-container--normal nextui-input-container--input\\"><label class=\\"nextui-c-eXOOPO nextui-c-eXOOPO-iNKybL-shadow-true nextui-c-eXOOPO-ccrOPm-underlined-false nextui-c-eXOOPO-lkBNdM-isTextarea-false nextui-input-wrapper nextui-input-wrapper--normal nextui-input-wrapper--shadow\\"><input type=\\"text\\" id=\\"nextui-input-c4brlbki\\" class=\\"nextui-c-jeuecp nextui-input\\" placeholder=\\"\\" autocomplete=\\"off\\" data-state=\\"normal\\" aria-placeholder=\\"\\" aria-readonly=\\"false\\" aria-required=\\"false\\" aria-multiline=\\"false\\" value=\\"\\"></label></div><div class=\\"nextui-c-gJvMas nextui-input-helper-text-container\\"></div></div><div data-state=\\"normal\\" class=\\"nextui-c-ioOuFC nextui-c-ioOuFC-gzViYB-color-success nextui-c-ioOuFC-jTfqsF-helperColor-default nextui-c-ioOuFC-dpkacN-borderWeight-normal nextui-c-ioOuFC-kllHxD-size-md nextui-c-ioOuFC-iiIdOsz-css nextui-input-main-container nextui-input-main-container--normal\\"><div class=\\"nextui-c-ghxhhI nextui-c-ghxhhI-fjttfO-isTextarea-false nextui-c-ghxhhI-iNKybL-animated-true nextui-input-container nextui-input-container--normal nextui-input-container--input\\"><label class=\\"nextui-c-eXOOPO nextui-c-eXOOPO-iNKybL-shadow-true nextui-c-eXOOPO-ccrOPm-underlined-false nextui-c-eXOOPO-lkBNdM-isTextarea-false nextui-input-wrapper nextui-input-wrapper--normal nextui-input-wrapper--shadow\\"><input type=\\"text\\" id=\\"nextui-input-e0psj8g4\\" class=\\"nextui-c-jeuecp nextui-input\\" placeholder=\\"\\" autocomplete=\\"off\\" data-state=\\"normal\\" aria-placeholder=\\"\\" aria-readonly=\\"false\\" aria-required=\\"false\\" aria-multiline=\\"false\\" value=\\"\\"></label></div><div class=\\"nextui-c-gJvMas nextui-input-helper-text-container\\"></div></div><div data-state=\\"normal\\" class=\\"nextui-c-ioOuFC nextui-c-ioOuFC-jzFoKt-color-warning nextui-c-ioOuFC-jTfqsF-helperColor-default nextui-c-ioOuFC-dpkacN-borderWeight-normal nextui-c-ioOuFC-kllHxD-size-md nextui-c-ioOuFC-iiIdOsz-css nextui-input-main-container nextui-input-main-container--normal\\"><div class=\\"nextui-c-ghxhhI nextui-c-ghxhhI-fjttfO-isTextarea-false nextui-c-ghxhhI-iNKybL-animated-true nextui-input-container nextui-input-container--normal nextui-input-container--input\\"><label class=\\"nextui-c-eXOOPO nextui-c-eXOOPO-iNKybL-shadow-true nextui-c-eXOOPO-ccrOPm-underlined-false nextui-c-eXOOPO-lkBNdM-isTextarea-false nextui-input-wrapper nextui-input-wrapper--normal nextui-input-wrapper--shadow\\"><input type=\\"text\\" id=\\"nextui-input-65m98g4h\\" class=\\"nextui-c-jeuecp nextui-input\\" placeholder=\\"\\" autocomplete=\\"off\\" data-state=\\"normal\\" aria-placeholder=\\"\\" aria-readonly=\\"false\\" aria-required=\\"false\\" aria-multiline=\\"false\\" value=\\"\\"></label></div><div class=\\"nextui-c-gJvMas nextui-input-helper-text-container\\"></div></div></div>"`;
