// Jest Snapshot v1, https://goo.gl/fbAQLP

exports[`InputPassword should render correctly 1`] = `
"<div class=\\"with-label\\"><div class=\\"container input-container\\"><label class=\\"wrapper shadow input-wrapper\\"><input type=\\"password\\" id=\\"next-ui-uechniqu\\" class=\\"right-content\\" placeholder=\\"\\" autocomplete=\\"off\\" aria-placeholder=\\"\\" aria-readonly=\\"false\\" aria-required=\\"false\\" aria-multiline=\\"false\\" value=\\"\\"><span class=\\"input-content\\"><svg viewBox=\\"0 0 24 24\\" width=\\"16\\" height=\\"16\\" stroke=\\"currentColor\\" stroke-width=\\"1.5\\" stroke-linecap=\\"round\\" stroke-linejoin=\\"round\\" fill=\\"none\\" shape-rendering=\\"geometricPrecision\\" style=\\"color: currentColor;\\"><path d=\\"M1 12s4-8 11-8 11 8 11 8-4 8-11 8-11-8-11-8z\\"></path><circle cx=\\"12\\" cy=\\"12\\" r=\\"3\\"></circle></svg><style>
        .input-content {
          box-sizing: content-box;
          display: flex;
          width: calc(1.687 * 16pt * .42);
          height: 100%;
          align-items: center;
          vertical-align: center;
          margin: 0;
          padding: 0 calc(1.687 * 16pt * .3);
          color: #333;
          line-height: 1;
          position: relative;
          cursor: pointer;
          pointer-events: auto;
        }
      </style></span></label></div><div class=\\"helper-text-container\\"></div><style>
          .with-label {
            width: initial;
            display: inline-flex;
            flex-direction: column;
            justify-content: center;
            position: relative;
            box-sizing: border-box;
            -webkit-box-align: center;
          }
          .container {
            width: 100%;
            transition: all 0.25s ease;
            border-radius: 12px;
          }
          .input-container {
            display: inline-flex;
            align-items: center;
            height: calc(1.687 * 16pt);
          }
          .wrapper {
            flex: 1;
            position: relative;
            display: inline-flex;
            vertical-align: middle;
            align-items: center;
            user-select: none;
            border-radius: 12px;
            background: #eaeaea;
          }
          .input-wrapper {
            height: 100%;
          }
          .wrapper.shadow {
            transition: all 0.25s ease;
          }
          .wrapper.bordered {
            background: transparent;
            border: none;
            box-shadow: 0 0 0 0px
              #eaeaea;
            transition: box-shadow 0.25s ease;
          }
          .wrapper.underlined {
            background: transparent;
          }
          .wrapper.underlined::after {
            content: '';
            position: absolute;
            bottom: 0;
            width: 100%;
            height: 0px;
            z-index: 1;
            background: #eaeaea;
          }
          .wrapper.underlined::before {
            position: absolute;
            content: '';
            z-index: 2;
            width: 0;
            bottom: 0;
            height: 2px;
            left: 50%;
            transform: translate(-50%);
            background: #000;
            transition: width 0.25s ease;
          }
          .wrapper.hover.underlined::before {
            width: 100%;
          }
          .wrapper.disabled {
            background-color: #eaeaea;
            border-color: #eaeaea;
            box-shadow: inset 0 0 40px 0 rgb(0 0 0 / 14%);
            cursor: not-allowed;
          }
          .helper-text-container {
            position: absolute;
            opacity: 0;
            bottom: calc(1.687 * 8pt * -1);
            transition: opacity 0.25s ease;
          }
          .helper-text-container.with-value {
            opacity: 1;
          }
          .helper-text {
            margin: 2px 0 0 10px;
            font-size: 0.7rem;
            color: #333;
          }
          .container.hover:not(.read-only) {
            transform: translateY(-2px);
          }
          .wrapper.shadow.hover:not(.read-only) {
            box-shadow: 0 5px 20px -5px rgba(0, 0, 0, .1);
          }
          .container:hover .wrapper.bordered,
          .container.hover:not(.read-only) .wrapper.bordered {
            border-color: #000;
            box-shadow: 0 0 0 0px
              #000;
          }
          input.disabled,
          textarea.disabled {
            color: #888;
            cursor: not-allowed;
          }
          input.rounded,
          textarea.rounded {
            padding: 0 4pt;
          }
          input:focus::placeholder,
          textarea:focus::placeholder {
            opacity: 0;
            transition: opacity 0.25s ease 0s;
          }
          .wrapper:not(.underlined) input,
          .wrapper:not(.underlined) textarea {
            margin: 4px 10px;
          }
          .wrapper.underlined input,
          .wrapper.underlined textarea {
            margin: 4px 5px;
          }
          input,
          textarea {
            padding: 0;
            box-shadow: none;
            font-size: .875rem;
            background-color: transparent;
            border: none;
            color: #333;
            outline: none;
            border-radius: 0;
            width: 100%;
            min-width: 0;
            -webkit-appearance: none;
          }
          textarea:not(.underlined) {
            padding: 4pt;
          }
          input.left-content,
          textarea.left-content {
            margin-left: 0;
          }
          input.right-content,
          textarea.right-content {
            margin-right: 0;
          }
          input::placeholder,
          textarea::placeholder {
            color: #999;
            transition: opacity 0.25s ease 0s;
            -moz-transition: opacity 0.25s ease 0s;
            -ms-transition: opacity 0.25s ease 0s;
            -webkit-transition: opacity 0.25s ease 0s;
          }
          input:-webkit-autofill,
          input:-webkit-autofill:hover,
          input:-webkit-autofill:active,
          input:-webkit-autofill:focus,
          textarea:-webkit-autofill,
          textarea:-webkit-autofill:hover,
          textarea:-webkit-autofill:active,
          textarea:-webkit-autofill:focus {
            -webkit-box-shadow: 0 0 0 30px #fff inset !important;
            -webkit-text-fill-color: #333 !important;
          }
        </style></div>"
`;
