// Jest Snapshot v1, https://goo.gl/fbAQLP

exports[`Radio Group should render correctly 1`] = `"<div><div class=\\"nextui-c-krTaHP nextui-c-krTaHP-kWtHZW-size-md nextui-radio-group\\" role=\\"radiogroup\\" aria-orientation=\\"vertical\\" id=\\"react-aria5728414908-1\\"><div class=\\"nextui-c-fixGjY nextui-c-fixGjY-jzcjqC-isRow-false nextui-radio-group-items\\" role=\\"presentation\\"><label class=\\"nextui-c-evidrZ nextui-c-evidrZ-fqNzuY-color-default nextui-c-evidrZ-cNjeeG-size-md nextui-c-evidrZ-jMAqsJ-isSquared-false nextui-c-evidrZ-eeoPBd-isChecked-true nextui-c-evidrZ-bOFUIO-disableAnimation-false nextui-radio-label nextui-radio--checked\\"><div class=\\"nextui-c-iJNdJu nextui-radio-container\\"><span class=\\"nextui-c-kgjvqv nextui-c-PJLV nextui-c-PJLV-gulvcB-isFocusVisible-false nextui-radio-point\\"><div style=\\"border: 0px; clip-path: inset(50%); height: 1px; margin: 0px -1px -1px 0px; overflow: hidden; padding: 0px; position: absolute; width: 1px; white-space: nowrap;\\"><input class=\\"nextui-radio-input\\" tabindex=\\"0\\" type=\\"radio\\" name=\\"react-aria5728414908-3\\" value=\\"1\\" checked=\\"\\"></div></span><span class=\\"nextui-c-hPBoDr nextui-c-hPBoDr-cyFBRX-color-default nextui-radio-text\\">1</span></div></label><label class=\\"nextui-c-evidrZ nextui-c-evidrZ-fqNzuY-color-default nextui-c-evidrZ-cNjeeG-size-md nextui-c-evidrZ-jMAqsJ-isSquared-false nextui-c-evidrZ-bOFUIO-disableAnimation-false nextui-c-evidrZ-cBQacH-cv nextui-radio-label nextui-radio--uncheked\\"><div class=\\"nextui-c-iJNdJu nextui-radio-container\\"><span class=\\"nextui-c-kgjvqv nextui-c-PJLV nextui-c-PJLV-gulvcB-isFocusVisible-false nextui-radio-point\\"><div style=\\"border: 0px; clip-path: inset(50%); height: 1px; margin: 0px -1px -1px 0px; overflow: hidden; padding: 0px; position: absolute; width: 1px; white-space: nowrap;\\"><input class=\\"nextui-radio-input\\" tabindex=\\"0\\" type=\\"radio\\" name=\\"react-aria5728414908-3\\" value=\\"2\\"></div></span><span class=\\"nextui-c-hPBoDr nextui-c-hPBoDr-cyFBRX-color-default nextui-radio-text\\">2</span></div></label></div></div><div class=\\"nextui-c-krTaHP nextui-c-krTaHP-kWtHZW-size-md nextui-radio-group\\" role=\\"radiogroup\\" aria-orientation=\\"horizontal\\" id=\\"react-aria5728414908-4\\"><div class=\\"nextui-c-fixGjY nextui-c-fixGjY-nXPYi-isRow-true nextui-radio-group-items\\" role=\\"presentation\\"><label class=\\"nextui-c-evidrZ nextui-c-evidrZ-fqNzuY-color-default nextui-c-evidrZ-cNjeeG-size-md nextui-c-evidrZ-jMAqsJ-isSquared-false nextui-c-evidrZ-eeoPBd-isChecked-true nextui-c-evidrZ-bOFUIO-disableAnimation-false nextui-radio-label nextui-radio--checked\\"><div class=\\"nextui-c-iJNdJu nextui-radio-container\\"><span class=\\"nextui-c-kgjvqv nextui-c-PJLV nextui-c-PJLV-gulvcB-isFocusVisible-false nextui-radio-point\\"><div style=\\"border: 0px; clip-path: inset(50%); height: 1px; margin: 0px -1px -1px 0px; overflow: hidden; padding: 0px; position: absolute; width: 1px; white-space: nowrap;\\"><input class=\\"nextui-radio-input\\" tabindex=\\"0\\" type=\\"radio\\" name=\\"react-aria5728414908-6\\" value=\\"1\\" checked=\\"\\"></div></span><span class=\\"nextui-c-hPBoDr nextui-c-hPBoDr-cyFBRX-color-default nextui-radio-text\\">1</span></div></label><label class=\\"nextui-c-evidrZ nextui-c-evidrZ-fqNzuY-color-default nextui-c-evidrZ-cNjeeG-size-md nextui-c-evidrZ-jMAqsJ-isSquared-false nextui-c-evidrZ-bOFUIO-disableAnimation-false nextui-c-evidrZ-cBQacH-cv nextui-radio-label nextui-radio--uncheked\\"><div class=\\"nextui-c-iJNdJu nextui-radio-container\\"><span class=\\"nextui-c-kgjvqv nextui-c-PJLV nextui-c-PJLV-gulvcB-isFocusVisible-false nextui-radio-point\\"><div style=\\"border: 0px; clip-path: inset(50%); height: 1px; margin: 0px -1px -1px 0px; overflow: hidden; padding: 0px; position: absolute; width: 1px; white-space: nowrap;\\"><input class=\\"nextui-radio-input\\" tabindex=\\"0\\" type=\\"radio\\" name=\\"react-aria5728414908-6\\" value=\\"2\\"></div></span><span class=\\"nextui-c-hPBoDr nextui-c-hPBoDr-cyFBRX-color-default nextui-radio-text\\">2</span></div></label></div></div></div>"`;

exports[`Radio Group should work correctly with different sizes 1`] = `"<div><div class=\\"nextui-c-krTaHP nextui-c-krTaHP-hnzdGI-size-xs nextui-radio-group\\" role=\\"radiogroup\\" aria-orientation=\\"vertical\\" id=\\"react-aria5728414908-7\\"><div class=\\"nextui-c-fixGjY nextui-c-fixGjY-jzcjqC-isRow-false nextui-radio-group-items\\" role=\\"presentation\\"><label class=\\"nextui-c-evidrZ nextui-c-evidrZ-fqNzuY-color-default nextui-c-evidrZ-DHfpI-size-xs nextui-c-evidrZ-jMAqsJ-isSquared-false nextui-c-evidrZ-eeoPBd-isChecked-true nextui-c-evidrZ-bOFUIO-disableAnimation-false nextui-radio-label nextui-radio--checked\\"><div class=\\"nextui-c-iJNdJu nextui-radio-container\\"><span class=\\"nextui-c-kgjvqv nextui-c-PJLV nextui-c-PJLV-gulvcB-isFocusVisible-false nextui-radio-point\\"><div style=\\"border: 0px; clip-path: inset(50%); height: 1px; margin: 0px -1px -1px 0px; overflow: hidden; padding: 0px; position: absolute; width: 1px; white-space: nowrap;\\"><input class=\\"nextui-radio-input\\" tabindex=\\"0\\" type=\\"radio\\" name=\\"react-aria5728414908-9\\" value=\\"1\\" checked=\\"\\"></div></span><span class=\\"nextui-c-hPBoDr nextui-c-hPBoDr-cyFBRX-color-default nextui-radio-text\\">1</span></div></label></div></div><div class=\\"nextui-c-krTaHP nextui-c-krTaHP-cdTMkv-size-sm nextui-radio-group\\" role=\\"radiogroup\\" aria-orientation=\\"vertical\\" id=\\"react-aria5728414908-10\\"><div class=\\"nextui-c-fixGjY nextui-c-fixGjY-jzcjqC-isRow-false nextui-radio-group-items\\" role=\\"presentation\\"><label class=\\"nextui-c-evidrZ nextui-c-evidrZ-fqNzuY-color-default nextui-c-evidrZ-fmxghf-size-sm nextui-c-evidrZ-jMAqsJ-isSquared-false nextui-c-evidrZ-eeoPBd-isChecked-true nextui-c-evidrZ-bOFUIO-disableAnimation-false nextui-radio-label nextui-radio--checked\\"><div class=\\"nextui-c-iJNdJu nextui-radio-container\\"><span class=\\"nextui-c-kgjvqv nextui-c-PJLV nextui-c-PJLV-gulvcB-isFocusVisible-false nextui-radio-point\\"><div style=\\"border: 0px; clip-path: inset(50%); height: 1px; margin: 0px -1px -1px 0px; overflow: hidden; padding: 0px; position: absolute; width: 1px; white-space: nowrap;\\"><input class=\\"nextui-radio-input\\" tabindex=\\"0\\" type=\\"radio\\" name=\\"react-aria5728414908-12\\" value=\\"1\\" checked=\\"\\"></div></span><span class=\\"nextui-c-hPBoDr nextui-c-hPBoDr-cyFBRX-color-default nextui-radio-text\\">1</span></div></label></div></div><div class=\\"nextui-c-krTaHP nextui-c-krTaHP-jxjGuu-size-lg nextui-radio-group\\" role=\\"radiogroup\\" aria-orientation=\\"vertical\\" id=\\"react-aria5728414908-13\\"><div class=\\"nextui-c-fixGjY nextui-c-fixGjY-jzcjqC-isRow-false nextui-radio-group-items\\" role=\\"presentation\\"><label class=\\"nextui-c-evidrZ nextui-c-evidrZ-fqNzuY-color-default nextui-c-evidrZ-gedqai-size-lg nextui-c-evidrZ-jMAqsJ-isSquared-false nextui-c-evidrZ-eeoPBd-isChecked-true nextui-c-evidrZ-bOFUIO-disableAnimation-false nextui-radio-label nextui-radio--checked\\"><div class=\\"nextui-c-iJNdJu nextui-radio-container\\"><span class=\\"nextui-c-kgjvqv nextui-c-PJLV nextui-c-PJLV-gulvcB-isFocusVisible-false nextui-radio-point\\"><div style=\\"border: 0px; clip-path: inset(50%); height: 1px; margin: 0px -1px -1px 0px; overflow: hidden; padding: 0px; position: absolute; width: 1px; white-space: nowrap;\\"><input class=\\"nextui-radio-input\\" tabindex=\\"0\\" type=\\"radio\\" name=\\"react-aria5728414908-15\\" value=\\"1\\" checked=\\"\\"></div></span><span class=\\"nextui-c-hPBoDr nextui-c-hPBoDr-cyFBRX-color-default nextui-radio-text\\">1</span></div></label></div></div></div>"`;
