// Jest Snapshot v1, https://goo.gl/fbAQLP

exports[`Radio should render correctly 1`] = `"<label aria-checked=\\"false\\" class=\\"nextui-c-cNyWQy nextui-c-cNyWQy-fqNzuY-color-primary nextui-c-cNyWQy-cNjeeG-size-md nextui-c-cNyWQy-jMAqsJ-squared-false nextui-c-cNyWQy-CNfHJ-animated-true nextui-c-cNyWQy-bAyXeE-cv\\"><input type=\\"radio\\" tabindex=\\"-1\\" class=\\"nextui-c-PJLV nextui-c-iFHsrU nextui-radio-input\\" value=\\"\\"><span class=\\"nextui-c-hPBoDr nextui-c-hPBoDr-cyFBRX-color-default nextui-radio-name\\"><span tabindex=\\"0\\" class=\\"nextui-c-kgjvqv nextui-c-huiNHE nextui-radio-point\\"></span>Option</span></label>"`;

exports[`Radio should support react-node in description 1`] = `"<div><label aria-checked=\\"true\\" class=\\"nextui-c-cNyWQy nextui-c-cNyWQy-fqNzuY-color-primary nextui-c-cNyWQy-cNjeeG-size-md nextui-c-cNyWQy-jMAqsJ-squared-false nextui-c-cNyWQy-cTeUqp-active-true nextui-c-cNyWQy-CNfHJ-animated-true\\"><input type=\\"radio\\" tabindex=\\"-1\\" class=\\"nextui-c-PJLV nextui-c-iFHsrU nextui-radio-input\\" value=\\"\\"><span class=\\"nextui-c-hPBoDr nextui-c-hPBoDr-cyFBRX-color-default nextui-radio-name\\"><span tabindex=\\"0\\" class=\\"nextui-c-kgjvqv nextui-c-huiNHE nextui-radio-point nextui-radio-active\\"></span>Option</span></label><label aria-checked=\\"true\\" class=\\"nextui-c-cNyWQy nextui-c-cNyWQy-fqNzuY-color-primary nextui-c-cNyWQy-cNjeeG-size-md nextui-c-cNyWQy-jMAqsJ-squared-false nextui-c-cNyWQy-cTeUqp-active-true nextui-c-cNyWQy-CNfHJ-animated-true\\"><input type=\\"radio\\" tabindex=\\"-1\\" class=\\"nextui-c-PJLV nextui-c-iFHsrU nextui-radio-input\\" value=\\"\\"><span class=\\"nextui-c-hPBoDr nextui-c-hPBoDr-cyFBRX-color-default nextui-radio-name\\"><span tabindex=\\"0\\" class=\\"nextui-c-kgjvqv nextui-c-huiNHE nextui-radio-point nextui-radio-active\\"></span>Option 1</span><span class=\\"nextui-c-dfPuPX\\">Description for Option1</span></label><label aria-checked=\\"true\\" class=\\"nextui-c-cNyWQy nextui-c-cNyWQy-fqNzuY-color-primary nextui-c-cNyWQy-cNjeeG-size-md nextui-c-cNyWQy-jMAqsJ-squared-false nextui-c-cNyWQy-cTeUqp-active-true nextui-c-cNyWQy-CNfHJ-animated-true\\"><input type=\\"radio\\" tabindex=\\"-1\\" class=\\"nextui-c-PJLV nextui-c-iFHsrU nextui-radio-input\\" value=\\"\\"><span class=\\"nextui-c-hPBoDr nextui-c-hPBoDr-cyFBRX-color-default nextui-radio-name\\"><span tabindex=\\"0\\" class=\\"nextui-c-kgjvqv nextui-c-huiNHE nextui-radio-point nextui-radio-active\\"></span>Option 1</span><span class=\\"nextui-c-dfPuPX\\"><b>Description</b> for Option1</span></label></div>"`;

exports[`Radio should work correctly with different sizes 1`] = `"<div><label aria-checked=\\"true\\" class=\\"nextui-c-cNyWQy nextui-c-cNyWQy-fqNzuY-color-primary nextui-c-cNyWQy-DHfpI-size-xs nextui-c-cNyWQy-jMAqsJ-squared-false nextui-c-cNyWQy-cTeUqp-active-true nextui-c-cNyWQy-CNfHJ-animated-true\\"><input type=\\"radio\\" tabindex=\\"-1\\" class=\\"nextui-c-PJLV nextui-c-iFHsrU nextui-radio-input\\" value=\\"\\"><span class=\\"nextui-c-hPBoDr nextui-c-hPBoDr-cyFBRX-color-default nextui-radio-name\\"><span tabindex=\\"0\\" class=\\"nextui-c-kgjvqv nextui-c-huiNHE nextui-radio-point nextui-radio-active\\"></span>mini</span></label><label aria-checked=\\"true\\" class=\\"nextui-c-cNyWQy nextui-c-cNyWQy-fqNzuY-color-primary nextui-c-cNyWQy-fmxghf-size-sm nextui-c-cNyWQy-jMAqsJ-squared-false nextui-c-cNyWQy-cTeUqp-active-true nextui-c-cNyWQy-CNfHJ-animated-true\\"><input type=\\"radio\\" tabindex=\\"-1\\" class=\\"nextui-c-PJLV nextui-c-iFHsrU nextui-radio-input\\" value=\\"\\"><span class=\\"nextui-c-hPBoDr nextui-c-hPBoDr-cyFBRX-color-default nextui-radio-name\\"><span tabindex=\\"0\\" class=\\"nextui-c-kgjvqv nextui-c-huiNHE nextui-radio-point nextui-radio-active\\"></span>small</span></label><label aria-checked=\\"true\\" class=\\"nextui-c-cNyWQy nextui-c-cNyWQy-fqNzuY-color-primary nextui-c-cNyWQy-cNjeeG-size-md nextui-c-cNyWQy-jMAqsJ-squared-false nextui-c-cNyWQy-cTeUqp-active-true nextui-c-cNyWQy-CNfHJ-animated-true\\"><input type=\\"radio\\" tabindex=\\"-1\\" class=\\"nextui-c-PJLV nextui-c-iFHsrU nextui-radio-input\\" value=\\"\\"><span class=\\"nextui-c-hPBoDr nextui-c-hPBoDr-cyFBRX-color-default nextui-radio-name\\"><span tabindex=\\"0\\" class=\\"nextui-c-kgjvqv nextui-c-huiNHE nextui-radio-point nextui-radio-active\\"></span>medium</span></label><label aria-checked=\\"true\\" class=\\"nextui-c-cNyWQy nextui-c-cNyWQy-fqNzuY-color-primary nextui-c-cNyWQy-gedqai-size-lg nextui-c-cNyWQy-jMAqsJ-squared-false nextui-c-cNyWQy-cTeUqp-active-true nextui-c-cNyWQy-CNfHJ-animated-true\\"><input type=\\"radio\\" tabindex=\\"-1\\" class=\\"nextui-c-PJLV nextui-c-iFHsrU nextui-radio-input\\" value=\\"\\"><span class=\\"nextui-c-hPBoDr nextui-c-hPBoDr-cyFBRX-color-default nextui-radio-name\\"><span tabindex=\\"0\\" class=\\"nextui-c-kgjvqv nextui-c-huiNHE nextui-radio-point nextui-radio-active\\"></span>large</span></label><label aria-checked=\\"true\\" class=\\"nextui-c-cNyWQy nextui-c-cNyWQy-fqNzuY-color-primary nextui-c-cNyWQy-fEOUqP-size-xl nextui-c-cNyWQy-jMAqsJ-squared-false nextui-c-cNyWQy-cTeUqp-active-true nextui-c-cNyWQy-CNfHJ-animated-true\\"><input type=\\"radio\\" tabindex=\\"-1\\" class=\\"nextui-c-PJLV nextui-c-iFHsrU nextui-radio-input\\" value=\\"\\"><span class=\\"nextui-c-hPBoDr nextui-c-hPBoDr-cyFBRX-color-default nextui-radio-name\\"><span tabindex=\\"0\\" class=\\"nextui-c-kgjvqv nextui-c-huiNHE nextui-radio-point nextui-radio-active\\"></span>xlarge</span></label></div>"`;

exports[`Radio should work with different colors 1`] = `"<div><label aria-checked=\\"true\\" class=\\"nextui-c-cNyWQy nextui-c-cNyWQy-fqNzuY-color-primary nextui-c-cNyWQy-cNjeeG-size-md nextui-c-cNyWQy-jMAqsJ-squared-false nextui-c-cNyWQy-cTeUqp-active-true nextui-c-cNyWQy-CNfHJ-animated-true\\"><input type=\\"radio\\" tabindex=\\"-1\\" class=\\"nextui-c-PJLV nextui-c-iFHsrU nextui-radio-input\\" value=\\"\\"><span class=\\"nextui-c-hPBoDr nextui-c-hPBoDr-cyFBRX-color-default nextui-radio-name\\"><span tabindex=\\"0\\" class=\\"nextui-c-kgjvqv nextui-c-huiNHE nextui-radio-point nextui-radio-active\\"></span></span></label><label aria-checked=\\"true\\" class=\\"nextui-c-cNyWQy nextui-c-cNyWQy-fIEtLE-color-secondary nextui-c-cNyWQy-cNjeeG-size-md nextui-c-cNyWQy-jMAqsJ-squared-false nextui-c-cNyWQy-cTeUqp-active-true nextui-c-cNyWQy-CNfHJ-animated-true\\"><input type=\\"radio\\" tabindex=\\"-1\\" class=\\"nextui-c-PJLV nextui-c-iFHsrU nextui-radio-input\\" value=\\"\\"><span class=\\"nextui-c-hPBoDr nextui-c-hPBoDr-cyFBRX-color-default nextui-radio-name\\"><span tabindex=\\"0\\" class=\\"nextui-c-kgjvqv nextui-c-huiNHE nextui-radio-point nextui-radio-active\\"></span></span></label><label aria-checked=\\"true\\" class=\\"nextui-c-cNyWQy nextui-c-cNyWQy-bPwnTE-color-success nextui-c-cNyWQy-cNjeeG-size-md nextui-c-cNyWQy-jMAqsJ-squared-false nextui-c-cNyWQy-cTeUqp-active-true nextui-c-cNyWQy-CNfHJ-animated-true\\"><input type=\\"radio\\" tabindex=\\"-1\\" class=\\"nextui-c-PJLV nextui-c-iFHsrU nextui-radio-input\\" value=\\"\\"><span class=\\"nextui-c-hPBoDr nextui-c-hPBoDr-cyFBRX-color-default nextui-radio-name\\"><span tabindex=\\"0\\" class=\\"nextui-c-kgjvqv nextui-c-huiNHE nextui-radio-point nextui-radio-active\\"></span></span></label><label aria-checked=\\"true\\" class=\\"nextui-c-cNyWQy nextui-c-cNyWQy-hYvfGc-color-warning nextui-c-cNyWQy-cNjeeG-size-md nextui-c-cNyWQy-jMAqsJ-squared-false nextui-c-cNyWQy-cTeUqp-active-true nextui-c-cNyWQy-CNfHJ-animated-true\\"><input type=\\"radio\\" tabindex=\\"-1\\" class=\\"nextui-c-PJLV nextui-c-iFHsrU nextui-radio-input\\" value=\\"\\"><span class=\\"nextui-c-hPBoDr nextui-c-hPBoDr-cyFBRX-color-default nextui-radio-name\\"><span tabindex=\\"0\\" class=\\"nextui-c-kgjvqv nextui-c-huiNHE nextui-radio-point nextui-radio-active\\"></span></span></label><label aria-checked=\\"true\\" class=\\"nextui-c-cNyWQy nextui-c-cNyWQy-fmxTac-color-error nextui-c-cNyWQy-cNjeeG-size-md nextui-c-cNyWQy-jMAqsJ-squared-false nextui-c-cNyWQy-cTeUqp-active-true nextui-c-cNyWQy-CNfHJ-animated-true\\"><input type=\\"radio\\" tabindex=\\"-1\\" class=\\"nextui-c-PJLV nextui-c-iFHsrU nextui-radio-input\\" value=\\"\\"><span class=\\"nextui-c-hPBoDr nextui-c-hPBoDr-cyFBRX-color-default nextui-radio-name\\"><span tabindex=\\"0\\" class=\\"nextui-c-kgjvqv nextui-c-huiNHE nextui-radio-point nextui-radio-active\\"></span></span></label></div>"`;

exports[`Radio should work with different textColors 1`] = `"<div><label aria-checked=\\"true\\" class=\\"nextui-c-cNyWQy nextui-c-cNyWQy-fqNzuY-color-primary nextui-c-cNyWQy-cNjeeG-size-md nextui-c-cNyWQy-jMAqsJ-squared-false nextui-c-cNyWQy-cTeUqp-active-true nextui-c-cNyWQy-CNfHJ-animated-true\\"><input type=\\"radio\\" tabindex=\\"-1\\" class=\\"nextui-c-PJLV nextui-c-iFHsrU nextui-radio-input\\" value=\\"\\"><span class=\\"nextui-c-hPBoDr nextui-c-hPBoDr-ixnjYu-color-primary nextui-radio-name\\"><span tabindex=\\"0\\" class=\\"nextui-c-kgjvqv nextui-c-huiNHE nextui-radio-point nextui-radio-active\\"></span></span></label><label aria-checked=\\"true\\" class=\\"nextui-c-cNyWQy nextui-c-cNyWQy-fqNzuY-color-primary nextui-c-cNyWQy-cNjeeG-size-md nextui-c-cNyWQy-jMAqsJ-squared-false nextui-c-cNyWQy-cTeUqp-active-true nextui-c-cNyWQy-CNfHJ-animated-true\\"><input type=\\"radio\\" tabindex=\\"-1\\" class=\\"nextui-c-PJLV nextui-c-iFHsrU nextui-radio-input\\" value=\\"\\"><span class=\\"nextui-c-hPBoDr nextui-c-hPBoDr-krgohU-color-secondary nextui-radio-name\\"><span tabindex=\\"0\\" class=\\"nextui-c-kgjvqv nextui-c-huiNHE nextui-radio-point nextui-radio-active\\"></span></span></label><label aria-checked=\\"true\\" class=\\"nextui-c-cNyWQy nextui-c-cNyWQy-fqNzuY-color-primary nextui-c-cNyWQy-cNjeeG-size-md nextui-c-cNyWQy-jMAqsJ-squared-false nextui-c-cNyWQy-cTeUqp-active-true nextui-c-cNyWQy-CNfHJ-animated-true\\"><input type=\\"radio\\" tabindex=\\"-1\\" class=\\"nextui-c-PJLV nextui-c-iFHsrU nextui-radio-input\\" value=\\"\\"><span class=\\"nextui-c-hPBoDr nextui-c-hPBoDr-byQUqd-color-success nextui-radio-name\\"><span tabindex=\\"0\\" class=\\"nextui-c-kgjvqv nextui-c-huiNHE nextui-radio-point nextui-radio-active\\"></span></span></label><label aria-checked=\\"true\\" class=\\"nextui-c-cNyWQy nextui-c-cNyWQy-fqNzuY-color-primary nextui-c-cNyWQy-cNjeeG-size-md nextui-c-cNyWQy-jMAqsJ-squared-false nextui-c-cNyWQy-cTeUqp-active-true nextui-c-cNyWQy-CNfHJ-animated-true\\"><input type=\\"radio\\" tabindex=\\"-1\\" class=\\"nextui-c-PJLV nextui-c-iFHsrU nextui-radio-input\\" value=\\"\\"><span class=\\"nextui-c-hPBoDr nextui-c-hPBoDr-gZEUWQ-color-warning nextui-radio-name\\"><span tabindex=\\"0\\" class=\\"nextui-c-kgjvqv nextui-c-huiNHE nextui-radio-point nextui-radio-active\\"></span></span></label><label aria-checked=\\"true\\" class=\\"nextui-c-cNyWQy nextui-c-cNyWQy-fqNzuY-color-primary nextui-c-cNyWQy-cNjeeG-size-md nextui-c-cNyWQy-jMAqsJ-squared-false nextui-c-cNyWQy-cTeUqp-active-true nextui-c-cNyWQy-CNfHJ-animated-true\\"><input type=\\"radio\\" tabindex=\\"-1\\" class=\\"nextui-c-PJLV nextui-c-iFHsrU nextui-radio-input\\" value=\\"\\"><span class=\\"nextui-c-hPBoDr nextui-c-hPBoDr-XlZOi-color-error nextui-radio-name\\"><span tabindex=\\"0\\" class=\\"nextui-c-kgjvqv nextui-c-huiNHE nextui-radio-point nextui-radio-active\\"></span></span></label></div>"`;
