// Jest Snapshot v1, https://goo.gl/fbAQLP

exports[`ButtonGroup buttons should be displayed vertically 1`] = `"<div class=\\"nextui-c-hWSxHd nextui-c-hWSxHd-fcXsUM-vertical-true nextui-c-hWSxHd-gimGqK-size-md\\"><button data-state=\\"ready\\" class=\\"nextui-c-frcIsU nextui-c-huiNHE nextui-c-frcIsU-ikltse-color-default nextui-c-frcIsU-ingaCc-size-md nextui-c-frcIsU-bzEnZV-borderWeight-normal nextui-c-frcIsU-yxrPS-animated-true nextui-c-frcIsU-exaRme-auto-true nextui-c-frcIsU-gglxka-cv nextui-button nextui-button--ready\\"><span class=\\"nextui-button-text\\">action1</span></button><button data-state=\\"ready\\" class=\\"nextui-c-frcIsU nextui-c-huiNHE nextui-c-frcIsU-ikltse-color-default nextui-c-frcIsU-ingaCc-size-md nextui-c-frcIsU-bzEnZV-borderWeight-normal nextui-c-frcIsU-yxrPS-animated-true nextui-c-frcIsU-exaRme-auto-true nextui-c-frcIsU-gglxka-cv nextui-button nextui-button--ready\\"><span class=\\"nextui-button-text\\">action2</span></button></div>"`;

exports[`ButtonGroup props should be passed to each button 1`] = `"<div class=\\"nextui-c-hWSxHd nextui-c-hWSxHd-hNnmRM-vertical-false nextui-c-hWSxHd-iAoIqM-size-xs\\"><button data-state=\\"ready\\" class=\\"nextui-c-frcIsU nextui-c-huiNHE nextui-c-frcIsU-iXIgqZ-color-success nextui-c-frcIsU-ihMdFJ-size-xs nextui-c-frcIsU-bzEnZV-borderWeight-normal nextui-c-frcIsU-yxrPS-animated-true nextui-c-frcIsU-exaRme-auto-true nextui-c-frcIsU-gNZcsS-cv nextui-button nextui-button--ready\\"><span class=\\"nextui-button-text\\">action</span></button></div>"`;

exports[`ButtonGroup props should be passed to each button 2`] = `"<div class=\\"nextui-c-hWSxHd nextui-c-hWSxHd-hNnmRM-vertical-false nextui-c-hWSxHd-iAoIqM-size-xs\\"><button data-state=\\"ready\\" class=\\"nextui-c-frcIsU nextui-c-huiNHE nextui-c-frcIsU-iXIgqZ-color-success nextui-c-frcIsU-ihMdFJ-size-xs nextui-c-frcIsU-bzEnZV-borderWeight-normal nextui-c-frcIsU-cyFBRX-flat-true nextui-c-frcIsU-yxrPS-animated-true nextui-c-frcIsU-exaRme-auto-true nextui-c-frcIsU-gNZcsS-cv nextui-c-frcIsU-jBYVMj-cv nextui-button nextui-button--ready\\"><span class=\\"nextui-button-text\\">action</span></button></div>"`;

exports[`ButtonGroup should render correctly 1`] = `"<div class=\\"nextui-c-hWSxHd nextui-c-hWSxHd-hNnmRM-vertical-false nextui-c-hWSxHd-gimGqK-size-md\\"><button data-state=\\"ready\\" class=\\"nextui-c-frcIsU nextui-c-huiNHE nextui-c-frcIsU-ikltse-color-default nextui-c-frcIsU-ingaCc-size-md nextui-c-frcIsU-bzEnZV-borderWeight-normal nextui-c-frcIsU-yxrPS-animated-true nextui-c-frcIsU-exaRme-auto-true nextui-c-frcIsU-gglxka-cv nextui-button nextui-button--ready\\"><span class=\\"nextui-button-text\\">action</span></button></div>"`;

exports[`ButtonGroup should render different variants 1`] = `ReactWrapper {}`;

exports[`ButtonGroup should render different variants 2`] = `
<NextUI - Button
  animated={true}
  bordered={false}
  className=""
  clickable={true}
  disabled={false}
  ghost={false}
  ripple={true}
>
  button
</NextUI - Button>
`;
