// Jest Snapshot v1, https://goo.gl/fbAQLP

exports[`Checkbox should render correctly 1`] = `"<div class=\\"nextui-c-hGXOEk nextui-c-huiNHE nextui-c-hGXOEk-jewhUT-color-default nextui-checkbox-container\\" tabindex=\\"0\\"><input type=\\"checkbox\\" class=\\"nextui-c-VVylU nextui-checkbox-input\\" tabindex=\\"-1\\" data-state=\\"uncheked\\" aria-checked=\\"false\\" aria-disabled=\\"false\\"><div class=\\"nextui-c-fwBnkL nextui-checkbox-mask\\"><i class=\\"nextui-c-iQLINm nextui-c-iQLINm-hwMtuN-indeterminate-false nextui-c-iQLINm-gXZkKf-size-md nextui-icon-check\\"><div class=\\"nextui-c-edsSUO nextui-icon-check-line1\\"></div><div class=\\"nextui-c-khOxv nextui-icon-check-line2\\"></div></i></div></div><span class=\\"nextui-c-HDlzY nextui-c-HDlzY-cyFBRX-color-default nextui-checkbox-text\\">Buenos Aires</span>"`;

exports[`Checkbox should work correctly with different sizes 1`] = `"<div><label class=\\"nextui-c-gLvohg nextui-c-gLvohg-eWknYe-size-xs nextui-checkbox-label\\"><div class=\\"nextui-c-hGXOEk nextui-c-huiNHE nextui-c-hGXOEk-jewhUT-color-default nextui-checkbox-container\\" tabindex=\\"0\\"><input type=\\"checkbox\\" class=\\"nextui-c-VVylU nextui-checkbox-input\\" tabindex=\\"-1\\" data-state=\\"uncheked\\" aria-checked=\\"false\\" aria-disabled=\\"false\\"><div class=\\"nextui-c-fwBnkL nextui-checkbox-mask\\"><i class=\\"nextui-c-iQLINm nextui-c-iQLINm-hwMtuN-indeterminate-false nextui-c-iQLINm-fHZZDy-size-xs nextui-icon-check\\"><div class=\\"nextui-c-edsSUO nextui-icon-check-line1\\"></div><div class=\\"nextui-c-khOxv nextui-icon-check-line2\\"></div></i></div></div><span class=\\"nextui-c-HDlzY nextui-c-HDlzY-cyFBRX-color-default nextui-checkbox-text\\">mini</span></label><label class=\\"nextui-c-gLvohg nextui-c-gLvohg-ewcQbF-size-sm nextui-checkbox-label\\"><div class=\\"nextui-c-hGXOEk nextui-c-huiNHE nextui-c-hGXOEk-jewhUT-color-default nextui-checkbox-container\\" tabindex=\\"0\\"><input type=\\"checkbox\\" class=\\"nextui-c-VVylU nextui-checkbox-input\\" tabindex=\\"-1\\" data-state=\\"uncheked\\" aria-checked=\\"false\\" aria-disabled=\\"false\\"><div class=\\"nextui-c-fwBnkL nextui-checkbox-mask\\"><i class=\\"nextui-c-iQLINm nextui-c-iQLINm-hwMtuN-indeterminate-false nextui-c-iQLINm-fHZZDy-size-sm nextui-icon-check\\"><div class=\\"nextui-c-edsSUO nextui-icon-check-line1\\"></div><div class=\\"nextui-c-khOxv nextui-icon-check-line2\\"></div></i></div></div><span class=\\"nextui-c-HDlzY nextui-c-HDlzY-cyFBRX-color-default nextui-checkbox-text\\">small</span></label><label class=\\"nextui-c-gLvohg nextui-c-gLvohg-daexIA-size-md nextui-checkbox-label\\"><div class=\\"nextui-c-hGXOEk nextui-c-huiNHE nextui-c-hGXOEk-jewhUT-color-default nextui-checkbox-container\\" tabindex=\\"0\\"><input type=\\"checkbox\\" class=\\"nextui-c-VVylU nextui-checkbox-input\\" tabindex=\\"-1\\" data-state=\\"uncheked\\" aria-checked=\\"false\\" aria-disabled=\\"false\\"><div class=\\"nextui-c-fwBnkL nextui-checkbox-mask\\"><i class=\\"nextui-c-iQLINm nextui-c-iQLINm-hwMtuN-indeterminate-false nextui-c-iQLINm-gXZkKf-size-md nextui-icon-check\\"><div class=\\"nextui-c-edsSUO nextui-icon-check-line1\\"></div><div class=\\"nextui-c-khOxv nextui-icon-check-line2\\"></div></i></div></div><span class=\\"nextui-c-HDlzY nextui-c-HDlzY-cyFBRX-color-default nextui-checkbox-text\\">medium</span></label><label class=\\"nextui-c-gLvohg nextui-c-gLvohg-jcUEBU-size-lg nextui-checkbox-label\\"><div class=\\"nextui-c-hGXOEk nextui-c-huiNHE nextui-c-hGXOEk-jewhUT-color-default nextui-checkbox-container\\" tabindex=\\"0\\"><input type=\\"checkbox\\" class=\\"nextui-c-VVylU nextui-checkbox-input\\" tabindex=\\"-1\\" data-state=\\"uncheked\\" aria-checked=\\"false\\" aria-disabled=\\"false\\"><div class=\\"nextui-c-fwBnkL nextui-checkbox-mask\\"><i class=\\"nextui-c-iQLINm nextui-c-iQLINm-hwMtuN-indeterminate-false nextui-c-iQLINm-gAAEng-size-lg nextui-icon-check\\"><div class=\\"nextui-c-edsSUO nextui-icon-check-line1\\"></div><div class=\\"nextui-c-khOxv nextui-icon-check-line2\\"></div></i></div></div><span class=\\"nextui-c-HDlzY nextui-c-HDlzY-cyFBRX-color-default nextui-checkbox-text\\">large</span></label><label class=\\"nextui-c-gLvohg nextui-c-gLvohg-bXPkMt-size-xl nextui-checkbox-label\\"><div class=\\"nextui-c-hGXOEk nextui-c-huiNHE nextui-c-hGXOEk-jewhUT-color-default nextui-checkbox-container\\" tabindex=\\"0\\"><input type=\\"checkbox\\" class=\\"nextui-c-VVylU nextui-checkbox-input\\" tabindex=\\"-1\\" data-state=\\"uncheked\\" aria-checked=\\"false\\" aria-disabled=\\"false\\"><div class=\\"nextui-c-fwBnkL nextui-checkbox-mask\\"><i class=\\"nextui-c-iQLINm nextui-c-iQLINm-hwMtuN-indeterminate-false nextui-c-iQLINm-gAAEng-size-xl nextui-icon-check\\"><div class=\\"nextui-c-edsSUO nextui-icon-check-line1\\"></div><div class=\\"nextui-c-khOxv nextui-icon-check-line2\\"></div></i></div></div><span class=\\"nextui-c-HDlzY nextui-c-HDlzY-cyFBRX-color-default nextui-checkbox-text\\">xlarge</span></label></div>"`;
