// Jest Snapshot v1, https://goo.gl/fbAQLP

exports[`Link should render correctly 1`] = `"<div><a href=\\"https://nextui.org\\" class=\\"jsx-1468451685 link \\">link</a><a href=\\"https://nextui.org\\" class=\\"jsx-605584638 link \\">link</a><a href=\\"https://nextui.org\\" class=\\"jsx-1468451685 link \\">link<svg viewBox=\\"0 0 24 24\\" width=\\"1em\\" height=\\"1em\\" stroke=\\"currentColor\\" stroke-width=\\"1.5\\" stroke-linecap=\\"round\\" stroke-linejoin=\\"round\\" fill=\\"none\\" shape-rendering=\\"geometricPrecision\\" class=\\"jsx-2691738060 icon\\"><path d=\\"M18 13v6a2 2 0 01-2 2H5a2 2 0 01-2-2V8a2 2 0 012-2h6\\" class=\\"jsx-2691738060\\"></path><path d=\\"M15 3h6v6\\" class=\\"jsx-2691738060\\"></path><path d=\\"M10 14L21 3\\" class=\\"jsx-2691738060\\"></path></svg></a><a href=\\"https://nextui.org\\" class=\\"jsx-3003007369 link \\">link</a><a href=\\"https://nextui.org\\" class=\\"jsx-3716520090 link \\">link</a></div>"`;
