// Jest Snapshot v1, https://goo.gl/fbAQLP

exports[`Card Footer should render correctly 1`] = `
"<div role=\\"\\" tabindex=\\"-1\\" class=\\"nextui-card nextui-card-animated\\"><div class=\\"nextui-card-body\\"><p>card</p><style>
        .nextui-card-body {
          display: flex;
          flex: 1 1 auto;
          width: 100%;
          height: auto;
          flex-direction: column;
          justify-content: inherit;
          align-items: inherit;
          align-content: inherit;
          padding: 0.75rem 1.25rem;
          overflow-y: auto;
          position: relative;
          text-align: left;
        }
        .nextui-card-body.nextui-card-body-no-padding {
          padding: 0;
        }
        .nextui-card-body > :global(*:first-child) {
          margin-top: 0;
        }
        .nextui-card-body > :global(*:last-child) {
          margin-bottom: 0;
        }
      </style></div><div class=\\"nextui-card-footer\\">footer<style>
        .nextui-card-footer {
          width: 100%;
          height: auto;
          padding: 0.75rem 1.25rem;
          display: flex;
          align-items: center;
          overflow: hidden;
          color: inherit;
          background-color: #fff;
          font-size: 0.875rem;
          border-top: none;
          border-bottom-left-radius: 14px;
          border-bottom-right-radius: 14px;
        }
        .nextui-card-footer.nextui-card-footer-blur {
          backdrop-filter: saturate(180%) blur(10px);
          background: rgba(255, 255,255,0.4);
        }
        .nextui-card-footer.nextui-card-footer-no-padding {
          padding: 0;
        }
        .nextui-card-footer-auto-margin :global(*) {
          margin-top: 0;
          margin-bottom: 0;
          margin-right: calc(0.75rem * 0.5);
        }
      </style></div><style>
          .nextui-card {
            margin: 0;
            padding: 0;
            position: relative;
            display: flex;
            overflow: hidden;
            flex-direction: column;
            background: #fff;
            width: 100%;
            max-width: 100%;
            height: auto;
            border-radius: 14px;
            box-shadow: 0 8px 30px rgba(0, 0, 0, 0.15);
            box-sizing: border-box;
            color: #333;
            border: 0px solid #eaeaea;
            
          }
          .nextui-card.nextui-card-animated {
            transition: all 0.25s ease;
          }
          .nextui-card.nextui-card-clickable.nextui-card-animated:active {
            transform: scale(0.97);
          }
          .nextui-card.nextui-card-hoverable.nextui-card-clickable.nextui-card-animated:active {
            transform: scale(0.99);
          }
          .nextui-card.nextui-card-clickable {
            cursor: pointer;
          }
          .nextui-card :global(.nextui-image) {
            width: 100%;
          }
          .nextui-card.nextui-card-hoverable.nextui-card-animated:hover {
            transform: translateY(-2px);
            box-shadow: 0 30px 60px rgba(0, 0, 0, 0.15);
          }
          .nextui-card.nextui-card-with-cover :global(img) {
            object-fit: cover;
          }
          .nextui-card:not(.nextui-card-with-cover) :global(.image) {
            border-bottom-left-radius: 0;
            border-bottom-right-radius: 0;
          }
          .nextui-card:focus:not(:focus-visible) {
            box-shadow: 0 8px 30px rgba(0, 0, 0, 0.15) !important;
          }
        </style></div>"
`;
