// Jest Snapshot v1, https://goo.gl/fbAQLP

exports[`Loading should render correctly 1`] = `"<div class=\\"jsx-755266422 loading-container\\"><span class=\\"jsx-755266422 loading default\\"><i class=\\"jsx-755266422 _1\\"></i><i class=\\"jsx-755266422 _2\\"></i><i class=\\"jsx-755266422 _3\\"></i></span></div>"`;

exports[`Loading should render correctly 2`] = `[Function]`;

exports[`Loading should work with different colors 1`] = `"<div><div class=\\"jsx-3953076312 loading-container\\"><span class=\\"jsx-3953076312 loading default\\"><i class=\\"jsx-3953076312 _1\\"></i><i class=\\"jsx-3953076312 _2\\"></i><i class=\\"jsx-3953076312 _3\\"></i></span></div><div class=\\"jsx-755266422 loading-container\\"><span class=\\"jsx-755266422 loading default\\"><i class=\\"jsx-755266422 _1\\"></i><i class=\\"jsx-755266422 _2\\"></i><i class=\\"jsx-755266422 _3\\"></i></span></div><div class=\\"jsx-32747610 loading-container\\"><span class=\\"jsx-32747610 loading default\\"><i class=\\"jsx-32747610 _1\\"></i><i class=\\"jsx-32747610 _2\\"></i><i class=\\"jsx-32747610 _3\\"></i></span></div><div class=\\"jsx-1784116418 loading-container\\"><span class=\\"jsx-1784116418 loading default\\"><i class=\\"jsx-1784116418 _1\\"></i><i class=\\"jsx-1784116418 _2\\"></i><i class=\\"jsx-1784116418 _3\\"></i></span></div><div class=\\"jsx-4035987905 loading-container\\"><span class=\\"jsx-4035987905 loading default\\"><i class=\\"jsx-4035987905 _1\\"></i><i class=\\"jsx-4035987905 _2\\"></i><i class=\\"jsx-4035987905 _3\\"></i></span></div><div class=\\"jsx-1397691733 loading-container\\"><span class=\\"jsx-1397691733 loading default\\"><i class=\\"jsx-1397691733 _1\\"></i><i class=\\"jsx-1397691733 _2\\"></i><i class=\\"jsx-1397691733 _3\\"></i></span></div></div>"`;

exports[`Loading should work with different colors 2`] = `[Function]`;

exports[`Loading should work with different sizes 1`] = `"<div><div class=\\"jsx-1316629910 loading-container\\"><span class=\\"jsx-1316629910 loading default\\"><i class=\\"jsx-1316629910 _1\\"></i><i class=\\"jsx-1316629910 _2\\"></i><i class=\\"jsx-1316629910 _3\\"></i></span></div><div class=\\"jsx-1400169590 loading-container\\"><span class=\\"jsx-1400169590 loading default\\"><i class=\\"jsx-1400169590 _1\\"></i><i class=\\"jsx-1400169590 _2\\"></i><i class=\\"jsx-1400169590 _3\\"></i></span></div><div class=\\"jsx-755266422 loading-container\\"><span class=\\"jsx-755266422 loading default\\"><i class=\\"jsx-755266422 _1\\"></i><i class=\\"jsx-755266422 _2\\"></i><i class=\\"jsx-755266422 _3\\"></i></span></div><div class=\\"jsx-2743890870 loading-container\\"><span class=\\"jsx-2743890870 loading default\\"><i class=\\"jsx-2743890870 _1\\"></i><i class=\\"jsx-2743890870 _2\\"></i><i class=\\"jsx-2743890870 _3\\"></i></span></div><div class=\\"jsx-1961766838 loading-container\\"><span class=\\"jsx-1961766838 loading default\\"><i class=\\"jsx-1961766838 _1\\"></i><i class=\\"jsx-1961766838 _2\\"></i><i class=\\"jsx-1961766838 _3\\"></i></span></div></div>"`;

exports[`Loading should work with different sizes 2`] = `[Function]`;

exports[`Loading should work with different text colors 1`] = `"<div><div class=\\"jsx-755266422 loading-container\\"><span class=\\"jsx-755266422 loading default\\"><i class=\\"jsx-755266422 _1\\"></i><i class=\\"jsx-755266422 _2\\"></i><i class=\\"jsx-755266422 _3\\"></i></span></div><div class=\\"jsx-755266422 loading-container\\"><span class=\\"jsx-755266422 loading default\\"><i class=\\"jsx-755266422 _1\\"></i><i class=\\"jsx-755266422 _2\\"></i><i class=\\"jsx-755266422 _3\\"></i></span></div><div class=\\"jsx-755266422 loading-container\\"><span class=\\"jsx-755266422 loading default\\"><i class=\\"jsx-755266422 _1\\"></i><i class=\\"jsx-755266422 _2\\"></i><i class=\\"jsx-755266422 _3\\"></i></span></div><div class=\\"jsx-755266422 loading-container\\"><span class=\\"jsx-755266422 loading default\\"><i class=\\"jsx-755266422 _1\\"></i><i class=\\"jsx-755266422 _2\\"></i><i class=\\"jsx-755266422 _3\\"></i></span></div><div class=\\"jsx-755266422 loading-container\\"><span class=\\"jsx-755266422 loading default\\"><i class=\\"jsx-755266422 _1\\"></i><i class=\\"jsx-755266422 _2\\"></i><i class=\\"jsx-755266422 _3\\"></i></span></div><div class=\\"jsx-755266422 loading-container\\"><span class=\\"jsx-755266422 loading default\\"><i class=\\"jsx-755266422 _1\\"></i><i class=\\"jsx-755266422 _2\\"></i><i class=\\"jsx-755266422 _3\\"></i></span></div></div>"`;

exports[`Loading should work with different text colors 2`] = `[Function]`;

exports[`Loading should work with different types 1`] = `"<div><div class=\\"jsx-755266422 loading-container\\"><span class=\\"jsx-755266422 loading default\\"><i class=\\"jsx-755266422 _1\\"></i><i class=\\"jsx-755266422 _2\\"></i><i class=\\"jsx-755266422 _3\\"></i></span></div><div class=\\"jsx-3656874626 spinner \\"><div class=\\"jsx-3656874626 container\\"><span class=\\"jsx-161766714\\"></span><span class=\\"jsx-161766714\\"></span><span class=\\"jsx-161766714\\"></span><span class=\\"jsx-161766714\\"></span><span class=\\"jsx-161766714\\"></span><span class=\\"jsx-161766714\\"></span><span class=\\"jsx-161766714\\"></span><span class=\\"jsx-161766714\\"></span><span class=\\"jsx-161766714\\"></span><span class=\\"jsx-161766714\\"></span><span class=\\"jsx-161766714\\"></span><span class=\\"jsx-161766714\\"></span></div></div><div class=\\"jsx-3506410518 loading-container\\"><span class=\\"jsx-3506410518 loading points\\"><i class=\\"jsx-3506410518 _1\\"></i><i class=\\"jsx-3506410518 _2\\"></i><i class=\\"jsx-3506410518 _3\\"></i></span></div><div class=\\"jsx-3506410518 loading-container\\"><span class=\\"jsx-3506410518 loading points-opacity\\"><i class=\\"jsx-3506410518 _1\\"></i><i class=\\"jsx-3506410518 _2\\"></i><i class=\\"jsx-3506410518 _3\\"></i></span></div><div class=\\"jsx-755266422 loading-container\\"><span class=\\"jsx-755266422 loading gradient\\"><i class=\\"jsx-755266422 _1\\"></i><i class=\\"jsx-755266422 _2\\"></i><i class=\\"jsx-755266422 _3\\"></i></span></div></div>"`;

exports[`Loading should work with different types 2`] = `[Function]`;
