// Jest Snapshot v1, https://goo.gl/fbAQLP

exports[`Radio Group should render correctly 1`] = `"<div><div class=\\"jsx-2068049276 radio-group \\"><div class=\\"jsx-1270855809 radio \\"><label class=\\"jsx-1270855809\\"><input type=\\"radio\\" class=\\"jsx-1270855809 \\" value=\\"1\\"><span class=\\"jsx-1270855809 name\\"><span class=\\"jsx-1270855809 point active \\"></span>1</span></label></div><div class=\\"jsx-1270855809 radio \\"><label class=\\"jsx-1270855809\\"><input type=\\"radio\\" class=\\"jsx-1270855809 \\" value=\\"2\\"><span class=\\"jsx-1270855809 name\\"><span class=\\"jsx-1270855809 point  \\"></span>2</span></label></div></div><div class=\\"jsx-1959984864 radio-group \\"><div class=\\"jsx-1270855809 radio \\"><label class=\\"jsx-1270855809\\"><input type=\\"radio\\" class=\\"jsx-1270855809 \\" value=\\"1\\"><span class=\\"jsx-1270855809 name\\"><span class=\\"jsx-1270855809 point active \\"></span>1</span></label></div><div class=\\"jsx-1270855809 radio \\"><label class=\\"jsx-1270855809\\"><input type=\\"radio\\" class=\\"jsx-1270855809 \\" value=\\"2\\"><span class=\\"jsx-1270855809 name\\"><span class=\\"jsx-1270855809 point  \\"></span>2</span></label></div></div></div>"`;

exports[`Radio Group should work correctly with different sizes 1`] = `"<div><div class=\\"jsx-1014673468 radio-group \\"><div class=\\"jsx-1270855809 radio \\"><label class=\\"jsx-1270855809\\"><input type=\\"radio\\" class=\\"jsx-1270855809 \\" value=\\"1\\"><span class=\\"jsx-1270855809 name\\"><span class=\\"jsx-1270855809 point active \\"></span>1</span></label></div></div><div class=\\"jsx-167366844 radio-group \\"><div class=\\"jsx-1270855809 radio \\"><label class=\\"jsx-1270855809\\"><input type=\\"radio\\" class=\\"jsx-1270855809 \\" value=\\"1\\"><span class=\\"jsx-1270855809 name\\"><span class=\\"jsx-1270855809 point active \\"></span>1</span></label></div></div><div class=\\"jsx-3581798780 radio-group \\"><div class=\\"jsx-1270855809 radio \\"><label class=\\"jsx-1270855809\\"><input type=\\"radio\\" class=\\"jsx-1270855809 \\" value=\\"1\\"><span class=\\"jsx-1270855809 name\\"><span class=\\"jsx-1270855809 point active \\"></span>1</span></label></div></div></div>"`;
