// Jest Snapshot v1, https://goo.gl/fbAQLP

exports[`InputPassword should render correctly 1`] = `"<div data-state=\\"normal\\" class=\\"nextui-c-ioOuFC nextui-c-ioOuFC-jTfqsF-helperColor-default nextui-c-ioOuFC-dpkacN-borderWeight-normal nextui-c-ioOuFC-kllHxD-size-md nextui-c-ioOuFC-iiIdOsz-css nextui-input-main-container nextui-input-main-container--normal\\"><div class=\\"nextui-c-ghxhhI nextui-c-ghxhhI-fjttfO-isTextarea-false nextui-c-ghxhhI-iNKybL-animated-true nextui-input-container nextui-input-container--normal nextui-input-container--input nextui-input-password\\"><label class=\\"nextui-c-eXOOPO nextui-c-eXOOPO-iNKybL-shadow-true nextui-c-eXOOPO-ccrOPm-underlined-false nextui-c-eXOOPO-lkBNdM-isTextarea-false nextui-input-wrapper nextui-input-wrapper--normal nextui-input-wrapper--shadow\\"><input type=\\"password\\" class=\\"nextui-c-jeuecp nextui-c-jeuecp-bVsTEo-hasRightContent-true nextui-input nextui-input-nextui-input-right-content\\" placeholder=\\"\\" autocomplete=\\"off\\" data-state=\\"normal\\" aria-placeholder=\\"\\" aria-readonly=\\"false\\" aria-required=\\"false\\" aria-multiline=\\"false\\" id=\\"react-aria7732893078-1\\" value=\\"\\"><span class=\\"nextui-c-PJLV nextui-c-PJLV-dBGXHd-applyStyles-true nextui-c-PJLV-hUwVy-clickable-true nextui-input-content nextui-input-content--right\\"><svg viewBox=\\"0 0 24 24\\" width=\\"16\\" height=\\"16\\" stroke=\\"currentColor\\" stroke-width=\\"1.5\\" stroke-linecap=\\"round\\" stroke-linejoin=\\"round\\" fill=\\"none\\" class=\\"nextui-input-password-icon\\" shape-rendering=\\"geometricPrecision\\" style=\\"color: currentColor;\\"><path d=\\"M1 12s4-8 11-8 11 8 11 8-4 8-11 8-11-8-11-8z\\"></path><circle cx=\\"12\\" cy=\\"12\\" r=\\"3\\"></circle></svg></span></label></div><div class=\\"nextui-c-gJvMas nextui-input-helper-text-container\\"></div></div>"`;