// Jest Snapshot v1, https://goo.gl/fbAQLP

exports[`Checkbox Group should render correctly 1`] = `
initialize {
  "0": Node {
    "attribs": Object {
      "class": "jsx-1487474754 group ",
    },
    "children": Array [
      Node {
        "attribs": Object {
          "class": "jsx-118443416 ",
        },
        "children": Array [
          Node {
            "attribs": Object {
              "class": "jsx-118443416 checkbox-container",
            },
            "children": Array [
              Node {
                "attribs": Object {
                  "class": "jsx-118443416 ",
                  "type": "checkbox",
                },
                "children": Array [],
                "name": "input",
                "namespace": "http://www.w3.org/1999/xhtml",
                "next": Node {
                  "attribs": Object {
                    "class": "jsx-118443416 checkbox-mask",
                  },
                  "children": Array [
                    Node {
                      "attribs": Object {
                        "class": "jsx-118443416 icon-check ",
                      },
                      "children": Array [
                        Node {
                          "attribs": Object {
                            "class": "jsx-118443416",
                            "style": "display:block;position:relative;width:8px;height:13px;margin-top:-4px;transform:rotate(45deg) scale(0.8)",
                          },
                          "children": Array [
                            Node {
                              "attribs": Object {
                                "class": "jsx-118443416 line1",
                              },
                              "children": Array [],
                              "name": "div",
                              "namespace": "http://www.w3.org/1999/xhtml",
                              "next": Node {
                                "attribs": Object {
                                  "class": "jsx-118443416 line2",
                                },
                                "children": Array [],
                                "name": "div",
                                "namespace": "http://www.w3.org/1999/xhtml",
                                "next": null,
                                "parent": [Circular],
                                "prev": [Circular],
                                "type": "tag",
                                "x-attribsNamespace": Object {
                                  "class": undefined,
                                },
                                "x-attribsPrefix": Object {
                                  "class": undefined,
                                },
                              },
                              "parent": [Circular],
                              "prev": null,
                              "type": "tag",
                              "x-attribsNamespace": Object {
                                "class": undefined,
                              },
                              "x-attribsPrefix": Object {
                                "class": undefined,
                              },
                            },
                            Node {
                              "attribs": Object {
                                "class": "jsx-118443416 line2",
                              },
                              "children": Array [],
                              "name": "div",
                              "namespace": "http://www.w3.org/1999/xhtml",
                              "next": null,
                              "parent": [Circular],
                              "prev": Node {
                                "attribs": Object {
                                  "class": "jsx-118443416 line1",
                                },
                                "children": Array [],
                                "name": "div",
                                "namespace": "http://www.w3.org/1999/xhtml",
                                "next": [Circular],
                                "parent": [Circular],
                                "prev": null,
                                "type": "tag",
                                "x-attribsNamespace": Object {
                                  "class": undefined,
                                },
                                "x-attribsPrefix": Object {
                                  "class": undefined,
                                },
                              },
                              "type": "tag",
                              "x-attribsNamespace": Object {
                                "class": undefined,
                              },
                              "x-attribsPrefix": Object {
                                "class": undefined,
                              },
                            },
                          ],
                          "name": "span",
                          "namespace": "http://www.w3.org/1999/xhtml",
                          "next": null,
                          "parent": [Circular],
                          "prev": null,
                          "type": "tag",
                          "x-attribsNamespace": Object {
                            "class": undefined,
                            "style": undefined,
                          },
                          "x-attribsPrefix": Object {
                            "class": undefined,
                            "style": undefined,
                          },
                        },
                      ],
                      "name": "i",
                      "namespace": "http://www.w3.org/1999/xhtml",
                      "next": null,
                      "parent": [Circular],
                      "prev": null,
                      "type": "tag",
                      "x-attribsNamespace": Object {
                        "class": undefined,
                      },
                      "x-attribsPrefix": Object {
                        "class": undefined,
                      },
                    },
                  ],
                  "name": "div",
                  "namespace": "http://www.w3.org/1999/xhtml",
                  "next": null,
                  "parent": [Circular],
                  "prev": [Circular],
                  "type": "tag",
                  "x-attribsNamespace": Object {
                    "class": undefined,
                  },
                  "x-attribsPrefix": Object {
                    "class": undefined,
                  },
                },
                "parent": [Circular],
                "prev": null,
                "type": "tag",
                "x-attribsNamespace": Object {
                  "class": undefined,
                  "type": undefined,
                },
                "x-attribsPrefix": Object {
                  "class": undefined,
                  "type": undefined,
                },
              },
              Node {
                "attribs": Object {
                  "class": "jsx-118443416 checkbox-mask",
                },
                "children": Array [
                  Node {
                    "attribs": Object {
                      "class": "jsx-118443416 icon-check ",
                    },
                    "children": Array [
                      Node {
                        "attribs": Object {
                          "class": "jsx-118443416",
                          "style": "display:block;position:relative;width:8px;height:13px;margin-top:-4px;transform:rotate(45deg) scale(0.8)",
                        },
                        "children": Array [
                          Node {
                            "attribs": Object {
                              "class": "jsx-118443416 line1",
                            },
                            "children": Array [],
                            "name": "div",
                            "namespace": "http://www.w3.org/1999/xhtml",
                            "next": Node {
                              "attribs": Object {
                                "class": "jsx-118443416 line2",
                              },
                              "children": Array [],
                              "name": "div",
                              "namespace": "http://www.w3.org/1999/xhtml",
                              "next": null,
                              "parent": [Circular],
                              "prev": [Circular],
                              "type": "tag",
                              "x-attribsNamespace": Object {
                                "class": undefined,
                              },
                              "x-attribsPrefix": Object {
                                "class": undefined,
                              },
                            },
                            "parent": [Circular],
                            "prev": null,
                            "type": "tag",
                            "x-attribsNamespace": Object {
                              "class": undefined,
                            },
                            "x-attribsPrefix": Object {
                              "class": undefined,
                            },
                          },
                          Node {
                            "attribs": Object {
                              "class": "jsx-118443416 line2",
                            },
                            "children": Array [],
                            "name": "div",
                            "namespace": "http://www.w3.org/1999/xhtml",
                            "next": null,
                            "parent": [Circular],
                            "prev": Node {
                              "attribs": Object {
                                "class": "jsx-118443416 line1",
                              },
                              "children": Array [],
                              "name": "div",
                              "namespace": "http://www.w3.org/1999/xhtml",
                              "next": [Circular],
                              "parent": [Circular],
                              "prev": null,
                              "type": "tag",
                              "x-attribsNamespace": Object {
                                "class": undefined,
                              },
                              "x-attribsPrefix": Object {
                                "class": undefined,
                              },
                            },
                            "type": "tag",
                            "x-attribsNamespace": Object {
                              "class": undefined,
                            },
                            "x-attribsPrefix": Object {
                              "class": undefined,
                            },
                          },
                        ],
                        "name": "span",
                        "namespace": "http://www.w3.org/1999/xhtml",
                        "next": null,
                        "parent": [Circular],
                        "prev": null,
                        "type": "tag",
                        "x-attribsNamespace": Object {
                          "class": undefined,
                          "style": undefined,
                        },
                        "x-attribsPrefix": Object {
                          "class": undefined,
                          "style": undefined,
                        },
                      },
                    ],
                    "name": "i",
                    "namespace": "http://www.w3.org/1999/xhtml",
                    "next": null,
                    "parent": [Circular],
                    "prev": null,
                    "type": "tag",
                    "x-attribsNamespace": Object {
                      "class": undefined,
                    },
                    "x-attribsPrefix": Object {
                      "class": undefined,
                    },
                  },
                ],
                "name": "div",
                "namespace": "http://www.w3.org/1999/xhtml",
                "next": null,
                "parent": [Circular],
                "prev": Node {
                  "attribs": Object {
                    "class": "jsx-118443416 ",
                    "type": "checkbox",
                  },
                  "children": Array [],
                  "name": "input",
                  "namespace": "http://www.w3.org/1999/xhtml",
                  "next": [Circular],
                  "parent": [Circular],
                  "prev": null,
                  "type": "tag",
                  "x-attribsNamespace": Object {
                    "class": undefined,
                    "type": undefined,
                  },
                  "x-attribsPrefix": Object {
                    "class": undefined,
                    "type": undefined,
                  },
                },
                "type": "tag",
                "x-attribsNamespace": Object {
                  "class": undefined,
                },
                "x-attribsPrefix": Object {
                  "class": undefined,
                },
              },
            ],
            "name": "div",
            "namespace": "http://www.w3.org/1999/xhtml",
            "next": Node {
              "attribs": Object {
                "class": "jsx-118443416 text ",
              },
              "children": Array [
                Node {
                  "data": "Sydney",
                  "next": null,
                  "parent": [Circular],
                  "prev": null,
                  "type": "text",
                },
              ],
              "name": "span",
              "namespace": "http://www.w3.org/1999/xhtml",
              "next": null,
              "parent": [Circular],
              "prev": [Circular],
              "type": "tag",
              "x-attribsNamespace": Object {
                "class": undefined,
              },
              "x-attribsPrefix": Object {
                "class": undefined,
              },
            },
            "parent": [Circular],
            "prev": null,
            "type": "tag",
            "x-attribsNamespace": Object {
              "class": undefined,
            },
            "x-attribsPrefix": Object {
              "class": undefined,
            },
          },
          Node {
            "attribs": Object {
              "class": "jsx-118443416 text ",
            },
            "children": Array [
              Node {
                "data": "Sydney",
                "next": null,
                "parent": [Circular],
                "prev": null,
                "type": "text",
              },
            ],
            "name": "span",
            "namespace": "http://www.w3.org/1999/xhtml",
            "next": null,
            "parent": [Circular],
            "prev": Node {
              "attribs": Object {
                "class": "jsx-118443416 checkbox-container",
              },
              "children": Array [
                Node {
                  "attribs": Object {
                    "class": "jsx-118443416 ",
                    "type": "checkbox",
                  },
                  "children": Array [],
                  "name": "input",
                  "namespace": "http://www.w3.org/1999/xhtml",
                  "next": Node {
                    "attribs": Object {
                      "class": "jsx-118443416 checkbox-mask",
                    },
                    "children": Array [
                      Node {
                        "attribs": Object {
                          "class": "jsx-118443416 icon-check ",
                        },
                        "children": Array [
                          Node {
                            "attribs": Object {
                              "class": "jsx-118443416",
                              "style": "display:block;position:relative;width:8px;height:13px;margin-top:-4px;transform:rotate(45deg) scale(0.8)",
                            },
                            "children": Array [
                              Node {
                                "attribs": Object {
                                  "class": "jsx-118443416 line1",
                                },
                                "children": Array [],
                                "name": "div",
                                "namespace": "http://www.w3.org/1999/xhtml",
                                "next": Node {
                                  "attribs": Object {
                                    "class": "jsx-118443416 line2",
                                  },
                                  "children": Array [],
                                  "name": "div",
                                  "namespace": "http://www.w3.org/1999/xhtml",
                                  "next": null,
                                  "parent": [Circular],
                                  "prev": [Circular],
                                  "type": "tag",
                                  "x-attribsNamespace": Object {
                                    "class": undefined,
                                  },
                                  "x-attribsPrefix": Object {
                                    "class": undefined,
                                  },
                                },
                                "parent": [Circular],
                                "prev": null,
                                "type": "tag",
                                "x-attribsNamespace": Object {
                                  "class": undefined,
                                },
                                "x-attribsPrefix": Object {
                                  "class": undefined,
                                },
                              },
                              Node {
                                "attribs": Object {
                                  "class": "jsx-118443416 line2",
                                },
                                "children": Array [],
                                "name": "div",
                                "namespace": "http://www.w3.org/1999/xhtml",
                                "next": null,
                                "parent": [Circular],
                                "prev": Node {
                                  "attribs": Object {
                                    "class": "jsx-118443416 line1",
                                  },
                                  "children": Array [],
                                  "name": "div",
                                  "namespace": "http://www.w3.org/1999/xhtml",
                                  "next": [Circular],
                                  "parent": [Circular],
                                  "prev": null,
                                  "type": "tag",
                                  "x-attribsNamespace": Object {
                                    "class": undefined,
                                  },
                                  "x-attribsPrefix": Object {
                                    "class": undefined,
                                  },
                                },
                                "type": "tag",
                                "x-attribsNamespace": Object {
                                  "class": undefined,
                                },
                                "x-attribsPrefix": Object {
                                  "class": undefined,
                                },
                              },
                            ],
                            "name": "span",
                            "namespace": "http://www.w3.org/1999/xhtml",
                            "next": null,
                            "parent": [Circular],
                            "prev": null,
                            "type": "tag",
                            "x-attribsNamespace": Object {
                              "class": undefined,
                              "style": undefined,
                            },
                            "x-attribsPrefix": Object {
                              "class": undefined,
                              "style": undefined,
                            },
                          },
                        ],
                        "name": "i",
                        "namespace": "http://www.w3.org/1999/xhtml",
                        "next": null,
                        "parent": [Circular],
                        "prev": null,
                        "type": "tag",
                        "x-attribsNamespace": Object {
                          "class": undefined,
                        },
                        "x-attribsPrefix": Object {
                          "class": undefined,
                        },
                      },
                    ],
                    "name": "div",
                    "namespace": "http://www.w3.org/1999/xhtml",
                    "next": null,
                    "parent": [Circular],
                    "prev": [Circular],
                    "type": "tag",
                    "x-attribsNamespace": Object {
                      "class": undefined,
                    },
                    "x-attribsPrefix": Object {
                      "class": undefined,
                    },
                  },
                  "parent": [Circular],
                  "prev": null,
                  "type": "tag",
                  "x-attribsNamespace": Object {
                    "class": undefined,
                    "type": undefined,
                  },
                  "x-attribsPrefix": Object {
                    "class": undefined,
                    "type": undefined,
                  },
                },
                Node {
                  "attribs": Object {
                    "class": "jsx-118443416 checkbox-mask",
                  },
                  "children": Array [
                    Node {
                      "attribs": Object {
                        "class": "jsx-118443416 icon-check ",
                      },
                      "children": Array [
                        Node {
                          "attribs": Object {
                            "class": "jsx-118443416",
                            "style": "display:block;position:relative;width:8px;height:13px;margin-top:-4px;transform:rotate(45deg) scale(0.8)",
                          },
                          "children": Array [
                            Node {
                              "attribs": Object {
                                "class": "jsx-118443416 line1",
                              },
                              "children": Array [],
                              "name": "div",
                              "namespace": "http://www.w3.org/1999/xhtml",
                              "next": Node {
                                "attribs": Object {
                                  "class": "jsx-118443416 line2",
                                },
                                "children": Array [],
                                "name": "div",
                                "namespace": "http://www.w3.org/1999/xhtml",
                                "next": null,
                                "parent": [Circular],
                                "prev": [Circular],
                                "type": "tag",
                                "x-attribsNamespace": Object {
                                  "class": undefined,
                                },
                                "x-attribsPrefix": Object {
                                  "class": undefined,
                                },
                              },
                              "parent": [Circular],
                              "prev": null,
                              "type": "tag",
                              "x-attribsNamespace": Object {
                                "class": undefined,
                              },
                              "x-attribsPrefix": Object {
                                "class": undefined,
                              },
                            },
                            Node {
                              "attribs": Object {
                                "class": "jsx-118443416 line2",
                              },
                              "children": Array [],
                              "name": "div",
                              "namespace": "http://www.w3.org/1999/xhtml",
                              "next": null,
                              "parent": [Circular],
                              "prev": Node {
                                "attribs": Object {
                                  "class": "jsx-118443416 line1",
                                },
                                "children": Array [],
                                "name": "div",
                                "namespace": "http://www.w3.org/1999/xhtml",
                                "next": [Circular],
                                "parent": [Circular],
                                "prev": null,
                                "type": "tag",
                                "x-attribsNamespace": Object {
                                  "class": undefined,
                                },
                                "x-attribsPrefix": Object {
                                  "class": undefined,
                                },
                              },
                              "type": "tag",
                              "x-attribsNamespace": Object {
                                "class": undefined,
                              },
                              "x-attribsPrefix": Object {
                                "class": undefined,
                              },
                            },
                          ],
                          "name": "span",
                          "namespace": "http://www.w3.org/1999/xhtml",
                          "next": null,
                          "parent": [Circular],
                          "prev": null,
                          "type": "tag",
                          "x-attribsNamespace": Object {
                            "class": undefined,
                            "style": undefined,
                          },
                          "x-attribsPrefix": Object {
                            "class": undefined,
                            "style": undefined,
                          },
                        },
                      ],
                      "name": "i",
                      "namespace": "http://www.w3.org/1999/xhtml",
                      "next": null,
                      "parent": [Circular],
                      "prev": null,
                      "type": "tag",
                      "x-attribsNamespace": Object {
                        "class": undefined,
                      },
                      "x-attribsPrefix": Object {
                        "class": undefined,
                      },
                    },
                  ],
                  "name": "div",
                  "namespace": "http://www.w3.org/1999/xhtml",
                  "next": null,
                  "parent": [Circular],
                  "prev": Node {
                    "attribs": Object {
                      "class": "jsx-118443416 ",
                      "type": "checkbox",
                    },
                    "children": Array [],
                    "name": "input",
                    "namespace": "http://www.w3.org/1999/xhtml",
                    "next": [Circular],
                    "parent": [Circular],
                    "prev": null,
                    "type": "tag",
                    "x-attribsNamespace": Object {
                      "class": undefined,
                      "type": undefined,
                    },
                    "x-attribsPrefix": Object {
                      "class": undefined,
                      "type": undefined,
                    },
                  },
                  "type": "tag",
                  "x-attribsNamespace": Object {
                    "class": undefined,
                  },
                  "x-attribsPrefix": Object {
                    "class": undefined,
                  },
                },
              ],
              "name": "div",
              "namespace": "http://www.w3.org/1999/xhtml",
              "next": [Circular],
              "parent": [Circular],
              "prev": null,
              "type": "tag",
              "x-attribsNamespace": Object {
                "class": undefined,
              },
              "x-attribsPrefix": Object {
                "class": undefined,
              },
            },
            "type": "tag",
            "x-attribsNamespace": Object {
              "class": undefined,
            },
            "x-attribsPrefix": Object {
              "class": undefined,
            },
          },
        ],
        "name": "label",
        "namespace": "http://www.w3.org/1999/xhtml",
        "next": null,
        "parent": [Circular],
        "prev": null,
        "type": "tag",
        "x-attribsNamespace": Object {
          "class": undefined,
        },
        "x-attribsPrefix": Object {
          "class": undefined,
        },
      },
    ],
    "name": "div",
    "namespace": "http://www.w3.org/1999/xhtml",
    "next": null,
    "parent": Node {
      "children": Array [
        [Circular],
      ],
      "name": "root",
      "next": null,
      "parent": null,
      "prev": null,
      "type": "root",
    },
    "prev": null,
    "type": "tag",
    "x-attribsNamespace": Object {
      "class": undefined,
    },
    "x-attribsPrefix": Object {
      "class": undefined,
    },
  },
  "_root": [Circular],
  "length": 1,
  "options": Object {
    "decodeEntities": true,
    "xml": false,
  },
}
`;

exports[`Checkbox Group should work correctly with different sizes 1`] = `"<div><div class=\\"jsx-1595250786 group \\"><label class=\\"jsx-118443416 \\"><div class=\\"jsx-118443416 checkbox-container\\"><input type=\\"checkbox\\" class=\\"jsx-118443416 \\"><div class=\\"jsx-118443416 checkbox-mask\\"><i class=\\"jsx-118443416 icon-check \\"><span style=\\"display: block; position: relative; width: 8px; height: 13px; margin-top: -4px; transform: rotate(45deg) scale(0.8);\\" class=\\"jsx-118443416\\"><div class=\\"jsx-118443416 line1\\"></div><div class=\\"jsx-118443416 line2\\"></div></span></i></div></div><span class=\\"jsx-118443416 text \\">Sydney</span></label></div><div class=\\"jsx-1796830530 group \\"><label class=\\"jsx-118443416 \\"><div class=\\"jsx-118443416 checkbox-container\\"><input type=\\"checkbox\\" class=\\"jsx-118443416 \\"><div class=\\"jsx-118443416 checkbox-mask\\"><i class=\\"jsx-118443416 icon-check \\"><span style=\\"display: block; position: relative; width: 8px; height: 13px; margin-top: -4px; transform: rotate(45deg) scale(0.8);\\" class=\\"jsx-118443416\\"><div class=\\"jsx-118443416 line1\\"></div><div class=\\"jsx-118443416 line2\\"></div></span></i></div></div><span class=\\"jsx-118443416 text \\">Sydney</span></label></div><div class=\\"jsx-1487474754 group \\"><label class=\\"jsx-118443416 \\"><div class=\\"jsx-118443416 checkbox-container\\"><input type=\\"checkbox\\" class=\\"jsx-118443416 \\"><div class=\\"jsx-118443416 checkbox-mask\\"><i class=\\"jsx-118443416 icon-check \\"><span style=\\"display: block; position: relative; width: 8px; height: 13px; margin-top: -4px; transform: rotate(45deg) scale(0.8);\\" class=\\"jsx-118443416\\"><div class=\\"jsx-118443416 line1\\"></div><div class=\\"jsx-118443416 line2\\"></div></span></i></div></div><span class=\\"jsx-118443416 text \\">Sydney</span></label></div><div class=\\"jsx-1748177826 group \\"><label class=\\"jsx-118443416 \\"><div class=\\"jsx-118443416 checkbox-container\\"><input type=\\"checkbox\\" class=\\"jsx-118443416 \\"><div class=\\"jsx-118443416 checkbox-mask\\"><i class=\\"jsx-118443416 icon-check \\"><span style=\\"display: block; position: relative; width: 8px; height: 13px; margin-top: -4px; transform: rotate(45deg) scale(0.8);\\" class=\\"jsx-118443416\\"><div class=\\"jsx-118443416 line1\\"></div><div class=\\"jsx-118443416 line2\\"></div></span></i></div></div><span class=\\"jsx-118443416 text \\">Sydney</span></label></div></div>"`;
