// Jest Snapshot v1, https://goo.gl/fbAQLP

exports[`Switch should render correctly 1`] = `"<label class=\\"jsx-282461663 \\"><input type=\\"checkbox\\" class=\\"jsx-282461663\\"><div class=\\"jsx-282461663 switch  \\"><span class=\\"jsx-282461663 circle\\"></span></div></label>"`;

exports[`Switch should render correctly with an icon 1`] = `"<label class=\\"jsx-282461663 \\"><input type=\\"checkbox\\" class=\\"jsx-282461663\\"><div class=\\"jsx-282461663 switch  \\"><span class=\\"jsx-282461663 circle\\"><svg class=\\"\\"></svg></span></div></label>"`;

exports[`Switch should render correctly with an iconOff 1`] = `"<label class=\\"jsx-282461663 \\"><input type=\\"checkbox\\" class=\\"jsx-282461663\\"><div class=\\"jsx-282461663 switch  \\"><span class=\\"jsx-282461663 circle\\"><svg class=\\"\\"></svg></span></div></label>"`;

exports[`Switch should render correctly with an iconOn 1`] = `"<label class=\\"jsx-282461663 \\"><input type=\\"checkbox\\" class=\\"jsx-282461663\\"><div class=\\"jsx-282461663 switch  \\"><span class=\\"jsx-282461663 circle\\"><svg class=\\"\\"></svg></span></div></label>"`;

exports[`Switch should render correctly with both icons on/off 1`] = `"<label class=\\"jsx-282461663 \\"><input type=\\"checkbox\\" class=\\"jsx-282461663\\"><div class=\\"jsx-282461663 switch  \\"><span class=\\"jsx-282461663 circle\\"><svg class=\\"\\"></svg></span></div></label>"`;

exports[`Switch should work with different colors 1`] = `"<div><label class=\\"jsx-282461663 \\"><input type=\\"checkbox\\" class=\\"jsx-282461663\\"><div class=\\"jsx-282461663 switch  \\"><span class=\\"jsx-282461663 circle\\"></span></div></label><label class=\\"jsx-3547102763 \\"><input type=\\"checkbox\\" class=\\"jsx-3547102763\\"><div class=\\"jsx-3547102763 switch  \\"><span class=\\"jsx-3547102763 circle\\"></span></div></label><label class=\\"jsx-2545493299 \\"><input type=\\"checkbox\\" class=\\"jsx-2545493299\\"><div class=\\"jsx-2545493299 switch  \\"><span class=\\"jsx-2545493299 circle\\"></span></div></label><label class=\\"jsx-1007192776 \\"><input type=\\"checkbox\\" class=\\"jsx-1007192776\\"><div class=\\"jsx-1007192776 switch  \\"><span class=\\"jsx-1007192776 circle\\"></span></div></label><label class=\\"jsx-263406684 \\"><input type=\\"checkbox\\" class=\\"jsx-263406684\\"><div class=\\"jsx-263406684 switch  \\"><span class=\\"jsx-263406684 circle\\"></span></div></label></div>"`;

exports[`Switch should work with different sizes 1`] = `"<div><label class=\\"jsx-212113378 \\"><input type=\\"checkbox\\" class=\\"jsx-212113378\\"><div class=\\"jsx-212113378 switch  \\"><span class=\\"jsx-212113378 circle\\"></span></div></label><label class=\\"jsx-373852355 \\"><input type=\\"checkbox\\" class=\\"jsx-373852355\\"><div class=\\"jsx-373852355 switch  \\"><span class=\\"jsx-373852355 circle\\"></span></div></label><label class=\\"jsx-282461663 \\"><input type=\\"checkbox\\" class=\\"jsx-282461663\\"><div class=\\"jsx-282461663 switch  \\"><span class=\\"jsx-282461663 circle\\"></span></div></label><label class=\\"jsx-2616102616 \\"><input type=\\"checkbox\\" class=\\"jsx-2616102616\\"><div class=\\"jsx-2616102616 switch  \\"><span class=\\"jsx-2616102616 circle\\"></span></div></label><label class=\\"jsx-3908543125 \\"><input type=\\"checkbox\\" class=\\"jsx-3908543125\\"><div class=\\"jsx-3908543125 switch  \\"><span class=\\"jsx-3908543125 circle\\"></span></div></label></div>"`;
