// Jest Snapshot v1, https://goo.gl/fbAQLP

exports[`ButtonIcon should render correctly 1`] = `"<button data-state=\\"ready\\" class=\\"nextui-c-gnEedP nextui-c-PJLV nextui-c-gnEedP-ikltse-color-default nextui-c-gnEedP-ingaCc-size-md nextui-c-gnEedP-bzEnZV-borderWeight-normal nextui-c-gnEedP-yxrPS-animated-true nextui-button nextui-button--ready\\"><span class=\\"nextui-c-bDGMeb nextui-button-icon\\"><svg></svg></span><div class=\\"nextui-button-text nextui-button-text-left\\">action</div></button>"`;

exports[`ButtonIcon should work with right 1`] = `"<button data-state=\\"ready\\" class=\\"nextui-c-gnEedP nextui-c-PJLV nextui-c-gnEedP-ikltse-color-default nextui-c-gnEedP-ingaCc-size-md nextui-c-gnEedP-bzEnZV-borderWeight-normal nextui-c-gnEedP-yxrPS-animated-true nextui-button nextui-button--ready\\"><span class=\\"nextui-c-bDGMeb nextui-c-bDGMeb-jeNDWm-isRight-true nextui-button-icon\\"><svg></svg></span><div class=\\"nextui-button-text nextui-button-text-right\\">action</div></button>"`;

exports[`ButtonIcon should work without text 1`] = `"<button data-state=\\"ready\\" class=\\"nextui-c-gnEedP nextui-c-PJLV nextui-c-gnEedP-ikltse-color-default nextui-c-gnEedP-ingaCc-size-md nextui-c-gnEedP-bzEnZV-borderWeight-normal nextui-c-gnEedP-yxrPS-animated-true nextui-button nextui-button--ready\\"><span class=\\"nextui-c-bDGMeb nextui-c-bDGMeb-jeNDWm-isRight-true nextui-c-bDGMeb-cEoybp-isSingle-true nextui-button-icon\\"><svg></svg></span></button>"`;
