// Jest Snapshot v1, https://goo.gl/fbAQLP

exports[`Radio Group should render correctly 1`] = `"<div><div class=\\"jsx-382202133 radio-group \\"><div class=\\"jsx-570320189 radio \\"><label class=\\"jsx-570320189\\"><input type=\\"radio\\" class=\\"jsx-570320189 \\" value=\\"1\\"><span class=\\"jsx-570320189 name\\"><span class=\\"jsx-570320189 point active \\"></span>1</span></label></div><div class=\\"jsx-570320189 radio \\"><label class=\\"jsx-570320189\\"><input type=\\"radio\\" class=\\"jsx-570320189 \\" value=\\"2\\"><span class=\\"jsx-570320189 name\\"><span class=\\"jsx-570320189 point  \\"></span>2</span></label></div></div><div class=\\"jsx-1080970371 radio-group \\"><div class=\\"jsx-570320189 radio \\"><label class=\\"jsx-570320189\\"><input type=\\"radio\\" class=\\"jsx-570320189 \\" value=\\"1\\"><span class=\\"jsx-570320189 name\\"><span class=\\"jsx-570320189 point active \\"></span>1</span></label></div><div class=\\"jsx-570320189 radio \\"><label class=\\"jsx-570320189\\"><input type=\\"radio\\" class=\\"jsx-570320189 \\" value=\\"2\\"><span class=\\"jsx-570320189 name\\"><span class=\\"jsx-570320189 point  \\"></span>2</span></label></div></div></div>"`;

exports[`Radio Group should work correctly with different sizes 1`] = `"<div><div class=\\"jsx-2211136469 radio-group \\"><div class=\\"jsx-570320189 radio \\"><label class=\\"jsx-570320189\\"><input type=\\"radio\\" class=\\"jsx-570320189 \\" value=\\"1\\"><span class=\\"jsx-570320189 name\\"><span class=\\"jsx-570320189 point active \\"></span>1</span></label></div></div><div class=\\"jsx-2328685717 radio-group \\"><div class=\\"jsx-570320189 radio \\"><label class=\\"jsx-570320189\\"><input type=\\"radio\\" class=\\"jsx-570320189 \\" value=\\"1\\"><span class=\\"jsx-570320189 name\\"><span class=\\"jsx-570320189 point active \\"></span>1</span></label></div></div><div class=\\"jsx-3475856149 radio-group \\"><div class=\\"jsx-570320189 radio \\"><label class=\\"jsx-570320189\\"><input type=\\"radio\\" class=\\"jsx-570320189 \\" value=\\"1\\"><span class=\\"jsx-570320189 name\\"><span class=\\"jsx-570320189 point active \\"></span>1</span></label></div></div></div>"`;
