// Jest Snapshot v1, https://goo.gl/fbAQLP

exports[`Radio should render correctly 1`] = `"<div class=\\"jsx-570320189 radio \\"><label class=\\"jsx-570320189\\"><input type=\\"radio\\" class=\\"jsx-570320189 \\" value=\\"\\"><span class=\\"jsx-570320189 name\\"><span class=\\"jsx-570320189 point  \\"></span>Option</span></label></div>"`;

exports[`Radio should support react-node in description 1`] = `"<div><div class=\\"jsx-570320189 radio \\"><label class=\\"jsx-570320189\\"><input type=\\"radio\\" class=\\"jsx-570320189 \\" value=\\"\\"><span class=\\"jsx-570320189 name\\"><span class=\\"jsx-570320189 point  \\"></span>Option</span></label></div><div class=\\"jsx-570320189 radio \\"><label class=\\"jsx-570320189\\"><input type=\\"radio\\" class=\\"jsx-570320189 \\" value=\\"\\"><span class=\\"jsx-570320189 name\\"><span class=\\"jsx-570320189 point  \\"></span>Option 1</span><span class=\\"jsx-232729367 \\">Description for Option1</span></label></div><div class=\\"jsx-570320189 radio \\"><label class=\\"jsx-570320189\\"><input type=\\"radio\\" class=\\"jsx-570320189 \\" value=\\"\\"><span class=\\"jsx-570320189 name\\"><span class=\\"jsx-570320189 point  \\"></span>Option 1</span><span class=\\"jsx-232729367 \\"><b>Description</b> for Option1</span></label></div></div>"`;

exports[`Radio should work correctly with different sizes 1`] = `"<div><div class=\\"jsx-861944710 radio \\"><label class=\\"jsx-861944710\\"><input type=\\"radio\\" class=\\"jsx-861944710 \\" value=\\"\\"><span class=\\"jsx-861944710 name\\"><span class=\\"jsx-861944710 point  \\"></span>mini</span></label></div><div class=\\"jsx-2885981793 radio \\"><label class=\\"jsx-2885981793\\"><input type=\\"radio\\" class=\\"jsx-2885981793 \\" value=\\"\\"><span class=\\"jsx-2885981793 name\\"><span class=\\"jsx-2885981793 point  \\"></span>small</span></label></div><div class=\\"jsx-570320189 radio \\"><label class=\\"jsx-570320189\\"><input type=\\"radio\\" class=\\"jsx-570320189 \\" value=\\"\\"><span class=\\"jsx-570320189 name\\"><span class=\\"jsx-570320189 point  \\"></span>medium</span></label></div><div class=\\"jsx-3687781883 radio \\"><label class=\\"jsx-3687781883\\"><input type=\\"radio\\" class=\\"jsx-3687781883 \\" value=\\"\\"><span class=\\"jsx-3687781883 name\\"><span class=\\"jsx-3687781883 point  \\"></span>large</span></label></div><div class=\\"jsx-2448540601 radio \\"><label class=\\"jsx-2448540601\\"><input type=\\"radio\\" class=\\"jsx-2448540601 \\" value=\\"\\"><span class=\\"jsx-2448540601 name\\"><span class=\\"jsx-2448540601 point  \\"></span>xlarge</span></label></div></div>"`;
