// Jest Snapshot v1, https://goo.gl/fbAQLP

exports[`Snippet should render correctly 1`] = `"<div class=\\"jsx-2533299119 snippet \\"><pre class=\\"jsx-2533299119\\">yarn add @geist-ui/react</pre><div class=\\"jsx-303000714 tooltip \\"><span class=\\"jsx-2533299119 copy\\"><svg xmlns=\\"http://www.w3.org/2000/svg\\" width=\\"18\\" height=\\"18\\" viewBox=\\"0 0 24 24\\"><path fill=\\"#444\\" d=\\"M20 2H10c-1.103 0-2 .897-2 2v4H4c-1.103 0-2 .897-2 2v10c0 1.103.897 2 2 2h10c1.103 0 2-.897 2-2v-4h4c1.103 0 2-.897 2-2V4c0-1.103-.897-2-2-2zM4 20V10h10l.002 10H4zm16-6h-4v-4c0-1.103-.897-2-2-2h-4V4h10v10z\\"></path></svg></span></div></div>"`;

exports[`Snippet should work with custom symbol 1`] = `"<div class=\\"jsx-14294517 snippet \\"><pre class=\\"jsx-14294517\\">yarn add @geist-ui/react</pre><div class=\\"jsx-303000714 tooltip \\"><span class=\\"jsx-14294517 copy\\"><svg xmlns=\\"http://www.w3.org/2000/svg\\" width=\\"18\\" height=\\"18\\" viewBox=\\"0 0 24 24\\"><path fill=\\"#444\\" d=\\"M20 2H10c-1.103 0-2 .897-2 2v4H4c-1.103 0-2 .897-2 2v10c0 1.103.897 2 2 2h10c1.103 0 2-.897 2-2v-4h4c1.103 0 2-.897 2-2V4c0-1.103-.897-2-2-2zM4 20V10h10l.002 10H4zm16-6h-4v-4c0-1.103-.897-2-2-2h-4V4h10v10z\\"></path></svg></span></div></div>"`;

exports[`Snippet should work with custom symbol 2`] = `"<div class=\\"jsx-1474698027 snippet \\"><pre class=\\"jsx-1474698027\\">yarn add @geist-ui/react</pre><div class=\\"jsx-303000714 tooltip \\"><span class=\\"jsx-1474698027 copy\\"><svg xmlns=\\"http://www.w3.org/2000/svg\\" width=\\"18\\" height=\\"18\\" viewBox=\\"0 0 24 24\\"><path fill=\\"#444\\" d=\\"M20 2H10c-1.103 0-2 .897-2 2v4H4c-1.103 0-2 .897-2 2v10c0 1.103.897 2 2 2h10c1.103 0 2-.897 2-2v-4h4c1.103 0 2-.897 2-2V4c0-1.103-.897-2-2-2zM4 20V10h10l.002 10H4zm16-6h-4v-4c0-1.103-.897-2-2-2h-4V4h10v10z\\"></path></svg></span></div></div>"`;

exports[`Snippet should work with different styles 1`] = `"<div><div class=\\"jsx-2533299119 snippet \\"><pre class=\\"jsx-2533299119\\">yarn add @geist-ui/react</pre><div class=\\"jsx-303000714 tooltip \\"><span class=\\"jsx-2533299119 copy\\"><svg xmlns=\\"http://www.w3.org/2000/svg\\" width=\\"18\\" height=\\"18\\" viewBox=\\"0 0 24 24\\"><path fill=\\"#444\\" d=\\"M20 2H10c-1.103 0-2 .897-2 2v4H4c-1.103 0-2 .897-2 2v10c0 1.103.897 2 2 2h10c1.103 0 2-.897 2-2v-4h4c1.103 0 2-.897 2-2V4c0-1.103-.897-2-2-2zM4 20V10h10l.002 10H4zm16-6h-4v-4c0-1.103-.897-2-2-2h-4V4h10v10z\\"></path></svg></span></div></div><div class=\\"jsx-3953102006 snippet \\"><pre class=\\"jsx-3953102006\\">yarn add @geist-ui/react</pre><div class=\\"jsx-303000714 tooltip \\"><span class=\\"jsx-3953102006 copy\\"><svg xmlns=\\"http://www.w3.org/2000/svg\\" width=\\"18\\" height=\\"18\\" viewBox=\\"0 0 24 24\\"><path fill=\\"#444\\" d=\\"M20 2H10c-1.103 0-2 .897-2 2v4H4c-1.103 0-2 .897-2 2v10c0 1.103.897 2 2 2h10c1.103 0 2-.897 2-2v-4h4c1.103 0 2-.897 2-2V4c0-1.103-.897-2-2-2zM4 20V10h10l.002 10H4zm16-6h-4v-4c0-1.103-.897-2-2-2h-4V4h10v10z\\"></path></svg></span></div></div><div class=\\"jsx-1106798797 snippet \\"><pre class=\\"jsx-1106798797\\">yarn add @geist-ui/react</pre><div class=\\"jsx-303000714 tooltip \\"><span class=\\"jsx-1106798797 copy\\"><svg xmlns=\\"http://www.w3.org/2000/svg\\" width=\\"18\\" height=\\"18\\" viewBox=\\"0 0 24 24\\"><path fill=\\"#444\\" d=\\"M20 2H10c-1.103 0-2 .897-2 2v4H4c-1.103 0-2 .897-2 2v10c0 1.103.897 2 2 2h10c1.103 0 2-.897 2-2v-4h4c1.103 0 2-.897 2-2V4c0-1.103-.897-2-2-2zM4 20V10h10l.002 10H4zm16-6h-4v-4c0-1.103-.897-2-2-2h-4V4h10v10z\\"></path></svg></span></div></div><div class=\\"jsx-2331794133 snippet \\"><pre class=\\"jsx-2331794133\\">yarn add @geist-ui/react</pre><div class=\\"jsx-303000714 tooltip \\"><span class=\\"jsx-2331794133 copy\\"><svg xmlns=\\"http://www.w3.org/2000/svg\\" width=\\"18\\" height=\\"18\\" viewBox=\\"0 0 24 24\\"><path fill=\\"#444\\" d=\\"M20 2H10c-1.103 0-2 .897-2 2v4H4c-1.103 0-2 .897-2 2v10c0 1.103.897 2 2 2h10c1.103 0 2-.897 2-2v-4h4c1.103 0 2-.897 2-2V4c0-1.103-.897-2-2-2zM4 20V10h10l.002 10H4zm16-6h-4v-4c0-1.103-.897-2-2-2h-4V4h10v10z\\"></path></svg></span></div></div></div>"`;

exports[`Snippet should work with multi-line 1`] = `"<div class=\\"jsx-2533299119 snippet \\"><pre class=\\"jsx-2533299119\\">cd project</pre><pre class=\\"jsx-2533299119\\">now</pre><div class=\\"jsx-303000714 tooltip \\"><span class=\\"jsx-2533299119 copy\\"><svg xmlns=\\"http://www.w3.org/2000/svg\\" width=\\"18\\" height=\\"18\\" viewBox=\\"0 0 24 24\\"><path fill=\\"#444\\" d=\\"M20 2H10c-1.103 0-2 .897-2 2v4H4c-1.103 0-2 .897-2 2v10c0 1.103.897 2 2 2h10c1.103 0 2-.897 2-2v-4h4c1.103 0 2-.897 2-2V4c0-1.103-.897-2-2-2zM4 20V10h10l.002 10H4zm16-6h-4v-4c0-1.103-.897-2-2-2h-4V4h10v10z\\"></path></svg></span></div></div>"`;
