// Jest Snapshot v1, https://goo.gl/fbAQLP

exports[`Pagination should render correctly 1`] = `"<nav class=\\"nextui-c-eKVPvf nextui-c-eKVPvf-iBFhCV-color-default nextui-c-eKVPvf-UECOZ-size-md nextui-c-eKVPvf-iTJsWG-borderWeight-normal nextui-c-eKVPvf-ibzOHM-onlyDots-false nextui-c-eKVPvf-bNGYLg-rounded-false nextui-c-eKVPvf-QbeIJ-noMargin-false nextui-pagination\\"><button class=\\"nextui-c-cUthvm nextui-c-huiNHE nextui-c-cUthvm-gZRAkC-disabled-true nextui-c-cUthvm-SWDEj-animated-true nextui-pagination-item nextui-pagination-item-animated nextui-pagination-item-disabled nextui-pagination-item-preserve-content\\" aria-label=\\"previous page button\\" tabindex=\\"-1\\"><span class=\\"nextui-c-fItrmj nextui-pagination-item-content\\"><svg role=\\"presentation\\" focusable=\\"false\\" viewBox=\\"0 0 24 24\\" fill=\\"none\\" xmlns=\\"http://www.w3.org/2000/svg\\" class=\\"nextui-c-eKuzCY nextui-c-eKuzCY-xROYZ-isPrev-true nextui-pagination-icon\\"><path d=\\"M15.5 19l-7-7 7-7\\" stroke=\\"currentColor\\" stroke-width=\\"1.5\\" stroke-linecap=\\"round\\" stroke-linejoin=\\"round\\"></path></svg></span></button><div aria-hidden=\\"true\\" class=\\"nextui-c-cAbbLF nextui-c-cAbbLF-QIzBs-animated-true nextui-c-cAbbLF-ikgtVxo-css nextui-pagination-highlight nextui-pagination-highlight--active\\" style=\\"--nextui--paginationLeft: calc(var(--nextui--paginationSize) * 1 + 6px);\\"></div><button class=\\"nextui-c-cUthvm nextui-c-huiNHE nextui-c-cUthvm-dZWCtT-active-true nextui-c-cUthvm-SWDEj-animated-true nextui-pagination-item nextui-pagination-item-active nextui-pagination-item-animated\\" aria-label=\\"1 item active\\" tabindex=\\"0\\"><span class=\\"nextui-c-fItrmj nextui-pagination-item-content\\">1</span></button><button class=\\"nextui-c-cUthvm nextui-c-huiNHE nextui-c-cUthvm-gZRAkC-disabled-true nextui-c-cUthvm-SWDEj-animated-true nextui-pagination-item nextui-pagination-item-animated nextui-pagination-item-disabled nextui-pagination-item-preserve-content\\" aria-label=\\"next page button\\" tabindex=\\"-1\\"><span class=\\"nextui-c-fItrmj nextui-pagination-item-content\\"><svg role=\\"presentation\\" focusable=\\"false\\" viewBox=\\"0 0 24 24\\" fill=\\"none\\" xmlns=\\"http://www.w3.org/2000/svg\\" class=\\"nextui-c-eKuzCY nextui-pagination-icon\\"><path d=\\"M15.5 19l-7-7 7-7\\" stroke=\\"currentColor\\" stroke-width=\\"1.5\\" stroke-linecap=\\"round\\" stroke-linejoin=\\"round\\"></path></svg></span></button></nav>"`;
