// Jest Snapshot v1, https://goo.gl/fbAQLP

exports[`Loading should render correctly 1`] = `"<div class=\\"nextui-c-bOoPrE\\"><span class=\\"nextui-c-chTLhx nextui-c-chTLhx-cRKUxm-color-primary nextui-c-chTLhx-cPGQpm-size-md nextui-c-chTLhx-dsbHMJ-type-default nextui-c-chTLhx-iPJLV-css nextui-loading nextui-loading-default\\" aria-label=\\"Loading\\"><i class=\\"_1\\"></i><i class=\\"_2\\"></i><i class=\\"_3\\"></i></span></div>"`;

exports[`Loading should render correctly 2`] = `[Function]`;

exports[`Loading should work with different colors 1`] = `"<div><div class=\\"nextui-c-bOoPrE\\"><span class=\\"nextui-c-chTLhx nextui-c-chTLhx-cRKUxm-color-primary nextui-c-chTLhx-cPGQpm-size-md nextui-c-chTLhx-dsbHMJ-type-default nextui-c-chTLhx-iPJLV-css nextui-loading nextui-loading-default\\" aria-label=\\"Loading\\"><i class=\\"_1\\"></i><i class=\\"_2\\"></i><i class=\\"_3\\"></i></span></div><div class=\\"nextui-c-bOoPrE\\"><span class=\\"nextui-c-chTLhx nextui-c-chTLhx-kesFop-color-success nextui-c-chTLhx-cPGQpm-size-md nextui-c-chTLhx-dsbHMJ-type-default nextui-c-chTLhx-iPJLV-css nextui-loading nextui-loading-default\\" aria-label=\\"Loading\\"><i class=\\"_1\\"></i><i class=\\"_2\\"></i><i class=\\"_3\\"></i></span></div><div class=\\"nextui-c-bOoPrE\\"><span class=\\"nextui-c-chTLhx nextui-c-chTLhx-iEzErA-color-secondary nextui-c-chTLhx-cPGQpm-size-md nextui-c-chTLhx-dsbHMJ-type-default nextui-c-chTLhx-iPJLV-css nextui-loading nextui-loading-default\\" aria-label=\\"Loading\\"><i class=\\"_1\\"></i><i class=\\"_2\\"></i><i class=\\"_3\\"></i></span></div><div class=\\"nextui-c-bOoPrE\\"><span class=\\"nextui-c-chTLhx nextui-c-chTLhx-fzAkwg-color-warning nextui-c-chTLhx-cPGQpm-size-md nextui-c-chTLhx-dsbHMJ-type-default nextui-c-chTLhx-iPJLV-css nextui-loading nextui-loading-default\\" aria-label=\\"Loading\\"><i class=\\"_1\\"></i><i class=\\"_2\\"></i><i class=\\"_3\\"></i></span></div><div class=\\"nextui-c-bOoPrE\\"><span class=\\"nextui-c-chTLhx nextui-c-chTLhx-bYEXDy-color-error nextui-c-chTLhx-cPGQpm-size-md nextui-c-chTLhx-dsbHMJ-type-default nextui-c-chTLhx-iPJLV-css nextui-loading nextui-loading-default\\" aria-label=\\"Loading\\"><i class=\\"_1\\"></i><i class=\\"_2\\"></i><i class=\\"_3\\"></i></span></div></div>"`;

exports[`Loading should work with different colors 2`] = `[Function]`;

exports[`Loading should work with different sizes 1`] = `"<div><div class=\\"nextui-c-bOoPrE\\"><span class=\\"nextui-c-chTLhx nextui-c-chTLhx-cRKUxm-color-primary nextui-c-chTLhx-bboDzR-size-xs nextui-c-chTLhx-dsbHMJ-type-default nextui-c-chTLhx-iPJLV-css nextui-loading nextui-loading-default\\" aria-label=\\"Loading\\"><i class=\\"_1\\"></i><i class=\\"_2\\"></i><i class=\\"_3\\"></i></span></div><div class=\\"nextui-c-bOoPrE\\"><span class=\\"nextui-c-chTLhx nextui-c-chTLhx-cRKUxm-color-primary nextui-c-chTLhx-eWttbs-size-sm nextui-c-chTLhx-dsbHMJ-type-default nextui-c-chTLhx-iPJLV-css nextui-loading nextui-loading-default\\" aria-label=\\"Loading\\"><i class=\\"_1\\"></i><i class=\\"_2\\"></i><i class=\\"_3\\"></i></span></div><div class=\\"nextui-c-bOoPrE\\"><span class=\\"nextui-c-chTLhx nextui-c-chTLhx-cRKUxm-color-primary nextui-c-chTLhx-cPGQpm-size-md nextui-c-chTLhx-dsbHMJ-type-default nextui-c-chTLhx-iPJLV-css nextui-loading nextui-loading-default\\" aria-label=\\"Loading\\"><i class=\\"_1\\"></i><i class=\\"_2\\"></i><i class=\\"_3\\"></i></span></div><div class=\\"nextui-c-bOoPrE\\"><span class=\\"nextui-c-chTLhx nextui-c-chTLhx-cRKUxm-color-primary nextui-c-chTLhx-eWTJwO-size-lg nextui-c-chTLhx-dsbHMJ-type-default nextui-c-chTLhx-iPJLV-css nextui-loading nextui-loading-default\\" aria-label=\\"Loading\\"><i class=\\"_1\\"></i><i class=\\"_2\\"></i><i class=\\"_3\\"></i></span></div><div class=\\"nextui-c-bOoPrE\\"><span class=\\"nextui-c-chTLhx nextui-c-chTLhx-cRKUxm-color-primary nextui-c-chTLhx-fYAaIu-size-xl nextui-c-chTLhx-dsbHMJ-type-default nextui-c-chTLhx-iPJLV-css nextui-loading nextui-loading-default\\" aria-label=\\"Loading\\"><i class=\\"_1\\"></i><i class=\\"_2\\"></i><i class=\\"_3\\"></i></span></div></div>"`;

exports[`Loading should work with different sizes 2`] = `[Function]`;

exports[`Loading should work with different text colors 1`] = `"<div><div class=\\"nextui-c-bOoPrE\\"><span class=\\"nextui-c-chTLhx nextui-c-chTLhx-cRKUxm-color-primary nextui-c-chTLhx-cPGQpm-size-md nextui-c-chTLhx-dsbHMJ-type-default nextui-c-chTLhx-iPJLV-css nextui-loading nextui-loading-default\\" aria-label=\\"Loading\\"><i class=\\"_1\\"></i><i class=\\"_2\\"></i><i class=\\"_3\\"></i></span></div><div class=\\"nextui-c-bOoPrE\\"><span class=\\"nextui-c-chTLhx nextui-c-chTLhx-cRKUxm-color-primary nextui-c-chTLhx-cPGQpm-size-md nextui-c-chTLhx-dsbHMJ-type-default nextui-c-chTLhx-iPJLV-css nextui-loading nextui-loading-default\\" aria-label=\\"Loading\\"><i class=\\"_1\\"></i><i class=\\"_2\\"></i><i class=\\"_3\\"></i></span></div><div class=\\"nextui-c-bOoPrE\\"><span class=\\"nextui-c-chTLhx nextui-c-chTLhx-cRKUxm-color-primary nextui-c-chTLhx-cPGQpm-size-md nextui-c-chTLhx-dsbHMJ-type-default nextui-c-chTLhx-iPJLV-css nextui-loading nextui-loading-default\\" aria-label=\\"Loading\\"><i class=\\"_1\\"></i><i class=\\"_2\\"></i><i class=\\"_3\\"></i></span></div><div class=\\"nextui-c-bOoPrE\\"><span class=\\"nextui-c-chTLhx nextui-c-chTLhx-cRKUxm-color-primary nextui-c-chTLhx-cPGQpm-size-md nextui-c-chTLhx-dsbHMJ-type-default nextui-c-chTLhx-iPJLV-css nextui-loading nextui-loading-default\\" aria-label=\\"Loading\\"><i class=\\"_1\\"></i><i class=\\"_2\\"></i><i class=\\"_3\\"></i></span></div><div class=\\"nextui-c-bOoPrE\\"><span class=\\"nextui-c-chTLhx nextui-c-chTLhx-cRKUxm-color-primary nextui-c-chTLhx-cPGQpm-size-md nextui-c-chTLhx-dsbHMJ-type-default nextui-c-chTLhx-iPJLV-css nextui-loading nextui-loading-default\\" aria-label=\\"Loading\\"><i class=\\"_1\\"></i><i class=\\"_2\\"></i><i class=\\"_3\\"></i></span></div></div>"`;

exports[`Loading should work with different text colors 2`] = `[Function]`;

exports[`Loading should work with different types 1`] = `"<div><div class=\\"nextui-c-bOoPrE\\"><span class=\\"nextui-c-chTLhx nextui-c-chTLhx-cRKUxm-color-primary nextui-c-chTLhx-cPGQpm-size-md nextui-c-chTLhx-dsbHMJ-type-default nextui-c-chTLhx-iPJLV-css nextui-loading nextui-loading-default\\" aria-label=\\"Loading\\"><i class=\\"_1\\"></i><i class=\\"_2\\"></i><i class=\\"_3\\"></i></span></div><div class=\\"nextui-c-fpphdg nextui-c-fpphdg-fPWnWX-size-md nextui-c-fpphdg-kNkCaB-color-primary nextui-spinner undefined\\"><div class=\\"nextui-c-jTKaZN nextui-spinner-container\\" aria-label=\\"Loading\\"><span class=\\"nextui-c-gsMpnF\\"></span><span class=\\"nextui-c-gsMpnF\\"></span><span class=\\"nextui-c-gsMpnF\\"></span><span class=\\"nextui-c-gsMpnF\\"></span><span class=\\"nextui-c-gsMpnF\\"></span><span class=\\"nextui-c-gsMpnF\\"></span><span class=\\"nextui-c-gsMpnF\\"></span><span class=\\"nextui-c-gsMpnF\\"></span><span class=\\"nextui-c-gsMpnF\\"></span><span class=\\"nextui-c-gsMpnF\\"></span><span class=\\"nextui-c-gsMpnF\\"></span><span class=\\"nextui-c-gsMpnF\\"></span></div></div><div class=\\"nextui-c-bOoPrE\\"><span class=\\"nextui-c-chTLhx nextui-c-chTLhx-cRKUxm-color-primary nextui-c-chTLhx-cPGQpm-size-md nextui-c-chTLhx-coWejU-type-points nextui-c-chTLhx-dhbJvz-cv nextui-c-chTLhx-iPJLV-css nextui-loading nextui-loading-points\\" aria-label=\\"Loading\\"><i class=\\"_1\\"></i><i class=\\"_2\\"></i><i class=\\"_3\\"></i></span></div><div class=\\"nextui-c-bOoPrE\\"><span class=\\"nextui-c-chTLhx nextui-c-chTLhx-cRKUxm-color-primary nextui-c-chTLhx-cPGQpm-size-md nextui-c-chTLhx-hQQprQ-type-points-opacity nextui-c-chTLhx-dhbJvz-cv nextui-c-chTLhx-iPJLV-css nextui-loading nextui-loading-points-opacity\\" aria-label=\\"Loading\\"><i class=\\"_1\\"></i><i class=\\"_2\\"></i><i class=\\"_3\\"></i></span></div><div class=\\"nextui-c-bOoPrE\\"><span class=\\"nextui-c-chTLhx nextui-c-chTLhx-cRKUxm-color-primary nextui-c-chTLhx-cPGQpm-size-md nextui-c-chTLhx-cQPBpi-type-gradient nextui-c-chTLhx-icvvata-css nextui-loading nextui-loading-gradient\\" aria-label=\\"Loading\\"><i class=\\"_1\\"></i><i class=\\"_2\\"></i><i class=\\"_3\\"></i></span></div></div>"`;

exports[`Loading should work with different types 2`] = `[Function]`;
